// Validating benchmarks:
// ***** BenchmarkRunner: Start   *****
// ***** Found 9 benchmark(s) in total *****
// ***** Building 1 exe(s) in Sequential: Start   *****
// start dotnet  restore --nodeReuse:false /p:UseSharedCompilation=false /p:Deterministic=true /p:Optimize=true /p:ArtifactsPath="E:\zSchork\University\3 Курс\Maxim\Practice_fall2025\UnterDriverBenchmark\bin\Release\net6.0\UnterDriverBenchmark-DefaultJob-1/" /p:OutDir="E:\zSchork\University\3 Курс\Maxim\Practice_fall2025\UnterDriverBenchmark\bin\Release\net6.0\UnterDriverBenchmark-DefaultJob-1\bin\Release\net6.0/" /p:OutputPath="E:\zSchork\University\3 Курс\Maxim\Practice_fall2025\UnterDriverBenchmark\bin\Release\net6.0\UnterDriverBenchmark-DefaultJob-1\bin\Release\net6.0/" /p:PublishDir="E:\zSchork\University\3 Курс\Maxim\Practice_fall2025\UnterDriverBenchmark\bin\Release\net6.0\UnterDriverBenchmark-DefaultJob-1\publish/" in E:\zSchork\University\3 Курс\Maxim\Practice_fall2025\UnterDriverBenchmark\bin\Release\net6.0\UnterDriverBenchmark-DefaultJob-1
// command took 1.67 sec and exited with 0
// start dotnet  build -c Release --no-restore --nodeReuse:false /p:UseSharedCompilation=false /p:Deterministic=true /p:Optimize=true /p:ArtifactsPath="E:\zSchork\University\3 Курс\Maxim\Practice_fall2025\UnterDriverBenchmark\bin\Release\net6.0\UnterDriverBenchmark-DefaultJob-1/" /p:OutDir="E:\zSchork\University\3 Курс\Maxim\Practice_fall2025\UnterDriverBenchmark\bin\Release\net6.0\UnterDriverBenchmark-DefaultJob-1\bin\Release\net6.0/" /p:OutputPath="E:\zSchork\University\3 Курс\Maxim\Practice_fall2025\UnterDriverBenchmark\bin\Release\net6.0\UnterDriverBenchmark-DefaultJob-1\bin\Release\net6.0/" /p:PublishDir="E:\zSchork\University\3 Курс\Maxim\Practice_fall2025\UnterDriverBenchmark\bin\Release\net6.0\UnterDriverBenchmark-DefaultJob-1\publish/" --output "E:\zSchork\University\3 Курс\Maxim\Practice_fall2025\UnterDriverBenchmark\bin\Release\net6.0\UnterDriverBenchmark-DefaultJob-1\bin\Release\net6.0/" in E:\zSchork\University\3 Курс\Maxim\Practice_fall2025\UnterDriverBenchmark\bin\Release\net6.0\UnterDriverBenchmark-DefaultJob-1
// command took 7.29 sec and exited with 0
// ***** Done, took 00:00:09 (9.1 sec)   *****
// Found 9 benchmarks:
//   DriverMapBenchmark.BruteForce_Algorithm: DefaultJob [NumberOfDrivers=100]
//   DriverMapBenchmark.OneWay_Algorithm: DefaultJob [NumberOfDrivers=100]
//   DriverMapBenchmark.Radar_Algorithm: DefaultJob [NumberOfDrivers=100]
//   DriverMapBenchmark.BruteForce_Algorithm: DefaultJob [NumberOfDrivers=1000]
//   DriverMapBenchmark.OneWay_Algorithm: DefaultJob [NumberOfDrivers=1000]
//   DriverMapBenchmark.Radar_Algorithm: DefaultJob [NumberOfDrivers=1000]
//   DriverMapBenchmark.BruteForce_Algorithm: DefaultJob [NumberOfDrivers=10000]
//   DriverMapBenchmark.OneWay_Algorithm: DefaultJob [NumberOfDrivers=10000]
//   DriverMapBenchmark.Radar_Algorithm: DefaultJob [NumberOfDrivers=10000]

Setup power plan (GUID: 8c5e7fda-e8bf-4a96-9a85-a6e23a8c635c FriendlyName: High performance)
// **************************
// Benchmark: DriverMapBenchmark.BruteForce_Algorithm: DefaultJob [NumberOfDrivers=100]
// *** Execute ***
// Launch: 1 / 1
// Execute: dotnet UnterDriverBenchmark-DefaultJob-1.dll --anonymousPipes 1336 1244 --benchmarkName "UnterDriverBenchmark.DriverMapBenchmark.BruteForce_Algorithm(NumberOfDrivers: 100)" --job Default --benchmarkId 0 in E:\zSchork\University\3 Курс\Maxim\Practice_fall2025\UnterDriverBenchmark\bin\Release\net6.0\UnterDriverBenchmark-DefaultJob-1\bin\Release\net6.0
// BeforeAnythingElse

// Benchmark Process Environment Information:
// BenchmarkDotNet v0.15.6
// Runtime=.NET 6.0.36 (6.0.36, 6.0.3624.51421), X64 RyuJIT x86-64-v3
// GC=Concurrent Workstation
// HardwareIntrinsics=AVX2+BMI1+BMI2+F16C+FMA+LZCNT+MOVBE,AVX,SSE3+SSSE3+SSE4.1+SSE4.2+POPCNT,X86Base+SSE+SSE2,AES+PCLMUL VectorSize=256
// Job: DefaultJob

OverheadJitting  1: 1 op, 146700.00 ns, 146.7000 us/op
WorkloadJitting  1: 1 op, 850700.00 ns, 850.7000 us/op

OverheadJitting  2: 16 op, 391200.00 ns, 24.4500 us/op
WorkloadJitting  2: 16 op, 723200.00 ns, 45.2000 us/op

WorkloadPilot    1: 16 op, 550900.00 ns, 34.4313 us/op
WorkloadPilot    2: 32 op, 996800.00 ns, 31.1500 us/op
WorkloadPilot    3: 64 op, 1466100.00 ns, 22.9078 us/op
WorkloadPilot    4: 128 op, 2938700.00 ns, 22.9586 us/op
WorkloadPilot    5: 256 op, 6321300.00 ns, 24.6926 us/op
WorkloadPilot    6: 512 op, 13397200.00 ns, 26.1664 us/op
WorkloadPilot    7: 1024 op, 24842000.00 ns, 24.2598 us/op
WorkloadPilot    8: 2048 op, 50195800.00 ns, 24.5097 us/op
WorkloadPilot    9: 4096 op, 43211400.00 ns, 10.5497 us/op
WorkloadPilot   10: 8192 op, 51224600.00 ns, 6.2530 us/op
WorkloadPilot   11: 16384 op, 97906300.00 ns, 5.9757 us/op
WorkloadPilot   12: 32768 op, 197175300.00 ns, 6.0173 us/op
WorkloadPilot   13: 65536 op, 386392200.00 ns, 5.8959 us/op
WorkloadPilot   14: 131072 op, 786112700.00 ns, 5.9976 us/op

OverheadWarmup   1: 131072 op, 309900.00 ns, 2.3643 ns/op
OverheadWarmup   2: 131072 op, 318300.00 ns, 2.4284 ns/op
OverheadWarmup   3: 131072 op, 345900.00 ns, 2.6390 ns/op
OverheadWarmup   4: 131072 op, 309400.00 ns, 2.3605 ns/op
OverheadWarmup   5: 131072 op, 312700.00 ns, 2.3857 ns/op
OverheadWarmup   6: 131072 op, 309500.00 ns, 2.3613 ns/op

OverheadActual   1: 131072 op, 312600.00 ns, 2.3849 ns/op
OverheadActual   2: 131072 op, 312400.00 ns, 2.3834 ns/op
OverheadActual   3: 131072 op, 463400.00 ns, 3.5355 ns/op
OverheadActual   4: 131072 op, 437300.00 ns, 3.3363 ns/op
OverheadActual   5: 131072 op, 454200.00 ns, 3.4653 ns/op
OverheadActual   6: 131072 op, 410900.00 ns, 3.1349 ns/op
OverheadActual   7: 131072 op, 332800.00 ns, 2.5391 ns/op
OverheadActual   8: 131072 op, 306000.00 ns, 2.3346 ns/op
OverheadActual   9: 131072 op, 319400.00 ns, 2.4368 ns/op
OverheadActual  10: 131072 op, 341000.00 ns, 2.6016 ns/op
OverheadActual  11: 131072 op, 347600.00 ns, 2.6520 ns/op
OverheadActual  12: 131072 op, 368900.00 ns, 2.8145 ns/op
OverheadActual  13: 131072 op, 358700.00 ns, 2.7367 ns/op
OverheadActual  14: 131072 op, 326900.00 ns, 2.4940 ns/op
OverheadActual  15: 131072 op, 321900.00 ns, 2.4559 ns/op
OverheadActual  16: 131072 op, 317100.00 ns, 2.4193 ns/op
OverheadActual  17: 131072 op, 326600.00 ns, 2.4918 ns/op
OverheadActual  18: 131072 op, 377100.00 ns, 2.8770 ns/op
OverheadActual  19: 131072 op, 430200.00 ns, 3.2822 ns/op
OverheadActual  20: 131072 op, 387400.00 ns, 2.9556 ns/op

WorkloadWarmup   1: 131072 op, 845749900.00 ns, 6.4526 us/op
WorkloadWarmup   2: 131072 op, 831652400.00 ns, 6.3450 us/op
WorkloadWarmup   3: 131072 op, 868921800.00 ns, 6.6293 us/op
WorkloadWarmup   4: 131072 op, 888048200.00 ns, 6.7753 us/op
WorkloadWarmup   5: 131072 op, 842750300.00 ns, 6.4297 us/op
WorkloadWarmup   6: 131072 op, 857898400.00 ns, 6.5452 us/op
WorkloadWarmup   7: 131072 op, 844006500.00 ns, 6.4393 us/op

// BeforeActualRun
WorkloadActual   1: 131072 op, 820503900.00 ns, 6.2599 us/op
WorkloadActual   2: 131072 op, 796429200.00 ns, 6.0763 us/op
WorkloadActual   3: 131072 op, 791431200.00 ns, 6.0381 us/op
WorkloadActual   4: 131072 op, 807580800.00 ns, 6.1614 us/op
WorkloadActual   5: 131072 op, 814787800.00 ns, 6.2163 us/op
WorkloadActual   6: 131072 op, 822197800.00 ns, 6.2729 us/op
WorkloadActual   7: 131072 op, 811782800.00 ns, 6.1934 us/op
WorkloadActual   8: 131072 op, 832348700.00 ns, 6.3503 us/op
WorkloadActual   9: 131072 op, 830880500.00 ns, 6.3391 us/op
WorkloadActual  10: 131072 op, 858402300.00 ns, 6.5491 us/op
WorkloadActual  11: 131072 op, 804264500.00 ns, 6.1361 us/op
WorkloadActual  12: 131072 op, 825513000.00 ns, 6.2982 us/op
WorkloadActual  13: 131072 op, 829690500.00 ns, 6.3300 us/op
WorkloadActual  14: 131072 op, 814438000.00 ns, 6.2137 us/op
WorkloadActual  15: 131072 op, 842372700.00 ns, 6.4268 us/op
WorkloadActual  16: 131072 op, 824685400.00 ns, 6.2919 us/op
WorkloadActual  17: 131072 op, 827333400.00 ns, 6.3121 us/op

// AfterActualRun
WorkloadResult   1: 131072 op, 820159600.00 ns, 6.2573 us/op
WorkloadResult   2: 131072 op, 796084900.00 ns, 6.0736 us/op
WorkloadResult   3: 131072 op, 791086900.00 ns, 6.0355 us/op
WorkloadResult   4: 131072 op, 807236500.00 ns, 6.1587 us/op
WorkloadResult   5: 131072 op, 814443500.00 ns, 6.2137 us/op
WorkloadResult   6: 131072 op, 821853500.00 ns, 6.2702 us/op
WorkloadResult   7: 131072 op, 811438500.00 ns, 6.1908 us/op
WorkloadResult   8: 131072 op, 832004400.00 ns, 6.3477 us/op
WorkloadResult   9: 131072 op, 830536200.00 ns, 6.3365 us/op
WorkloadResult  10: 131072 op, 803920200.00 ns, 6.1334 us/op
WorkloadResult  11: 131072 op, 825168700.00 ns, 6.2955 us/op
WorkloadResult  12: 131072 op, 829346200.00 ns, 6.3274 us/op
WorkloadResult  13: 131072 op, 814093700.00 ns, 6.2110 us/op
WorkloadResult  14: 131072 op, 842028400.00 ns, 6.4242 us/op
WorkloadResult  15: 131072 op, 824341100.00 ns, 6.2892 us/op
WorkloadResult  16: 131072 op, 826989100.00 ns, 6.3094 us/op
// GC:  38 0 0 318767104 131072
// Threading:  0 0 131072

// AfterAll
// Benchmark Process 20532 has exited with code 0.

Mean = 6.242 μs, StdErr = 0.026 μs (0.42%), N = 16, StdDev = 0.105 μs
Min = 6.036 μs, Q1 = 6.183 μs, Median = 6.264 μs, Q3 = 6.314 μs, Max = 6.424 μs
IQR = 0.131 μs, LowerFence = 5.986 μs, UpperFence = 6.511 μs
ConfidenceInterval = [6.135 μs; 6.349 μs] (CI 99.9%), Margin = 0.107 μs (1.71% of Mean)
Skewness = -0.35, Kurtosis = 2.17, MValue = 2

// ** Remained 8 (88.9%) benchmark(s) to run. Estimated finish 2025-11-21 19:47 (0h 3m from now) **
Setup power plan (GUID: 8c5e7fda-e8bf-4a96-9a85-a6e23a8c635c FriendlyName: High performance)
// **************************
// Benchmark: DriverMapBenchmark.OneWay_Algorithm: DefaultJob [NumberOfDrivers=100]
// *** Execute ***
// Launch: 1 / 1
// Execute: dotnet UnterDriverBenchmark-DefaultJob-1.dll --anonymousPipes 1336 1244 --benchmarkName "UnterDriverBenchmark.DriverMapBenchmark.OneWay_Algorithm(NumberOfDrivers: 100)" --job Default --benchmarkId 1 in E:\zSchork\University\3 Курс\Maxim\Practice_fall2025\UnterDriverBenchmark\bin\Release\net6.0\UnterDriverBenchmark-DefaultJob-1\bin\Release\net6.0
// BeforeAnythingElse

// Benchmark Process Environment Information:
// BenchmarkDotNet v0.15.6
// Runtime=.NET 6.0.36 (6.0.36, 6.0.3624.51421), X64 RyuJIT x86-64-v3
// GC=Concurrent Workstation
// HardwareIntrinsics=AVX2+BMI1+BMI2+F16C+FMA+LZCNT+MOVBE,AVX,SSE3+SSSE3+SSE4.1+SSE4.2+POPCNT,X86Base+SSE+SSE2,AES+PCLMUL VectorSize=256
// Job: DefaultJob

OverheadJitting  1: 1 op, 154400.00 ns, 154.4000 us/op
WorkloadJitting  1: 1 op, 2712900.00 ns, 2.7129 ms/op

OverheadJitting  2: 16 op, 355100.00 ns, 22.1938 us/op
WorkloadJitting  2: 16 op, 432800.00 ns, 27.0500 us/op

WorkloadPilot    1: 16 op, 29900.00 ns, 1.8688 us/op
WorkloadPilot    2: 32 op, 46900.00 ns, 1.4656 us/op
WorkloadPilot    3: 64 op, 113300.00 ns, 1.7703 us/op
WorkloadPilot    4: 128 op, 217600.00 ns, 1.7000 us/op
WorkloadPilot    5: 256 op, 351500.00 ns, 1.3730 us/op
WorkloadPilot    6: 512 op, 768600.00 ns, 1.5012 us/op
WorkloadPilot    7: 1024 op, 1690500.00 ns, 1.6509 us/op
WorkloadPilot    8: 2048 op, 2975000.00 ns, 1.4526 us/op
WorkloadPilot    9: 4096 op, 5524300.00 ns, 1.3487 us/op
WorkloadPilot   10: 8192 op, 13560900.00 ns, 1.6554 us/op
WorkloadPilot   11: 16384 op, 25104500.00 ns, 1.5323 us/op
WorkloadPilot   12: 32768 op, 45775100.00 ns, 1.3969 us/op
WorkloadPilot   13: 65536 op, 67332400.00 ns, 1.0274 us/op
WorkloadPilot   14: 131072 op, 104141100.00 ns, 794.5335 ns/op
WorkloadPilot   15: 262144 op, 199778400.00 ns, 762.0941 ns/op
WorkloadPilot   16: 524288 op, 399051400.00 ns, 761.1301 ns/op
WorkloadPilot   17: 1048576 op, 764421700.00 ns, 729.0093 ns/op

OverheadWarmup   1: 1048576 op, 2399900.00 ns, 2.2887 ns/op
OverheadWarmup   2: 1048576 op, 2437400.00 ns, 2.3245 ns/op
OverheadWarmup   3: 1048576 op, 3230500.00 ns, 3.0808 ns/op
OverheadWarmup   4: 1048576 op, 2540700.00 ns, 2.4230 ns/op
OverheadWarmup   5: 1048576 op, 2803000.00 ns, 2.6731 ns/op
OverheadWarmup   6: 1048576 op, 2455700.00 ns, 2.3419 ns/op

OverheadActual   1: 1048576 op, 2487700.00 ns, 2.3725 ns/op
OverheadActual   2: 1048576 op, 2416100.00 ns, 2.3042 ns/op
OverheadActual   3: 1048576 op, 2937700.00 ns, 2.8016 ns/op
OverheadActual   4: 1048576 op, 2416400.00 ns, 2.3045 ns/op
OverheadActual   5: 1048576 op, 2508400.00 ns, 2.3922 ns/op
OverheadActual   6: 1048576 op, 2546300.00 ns, 2.4283 ns/op
OverheadActual   7: 1048576 op, 2607400.00 ns, 2.4866 ns/op
OverheadActual   8: 1048576 op, 2724600.00 ns, 2.5984 ns/op
OverheadActual   9: 1048576 op, 2453000.00 ns, 2.3394 ns/op
OverheadActual  10: 1048576 op, 2509600.00 ns, 2.3933 ns/op
OverheadActual  11: 1048576 op, 2441900.00 ns, 2.3288 ns/op
OverheadActual  12: 1048576 op, 2422800.00 ns, 2.3106 ns/op
OverheadActual  13: 1048576 op, 3483600.00 ns, 3.3222 ns/op
OverheadActual  14: 1048576 op, 2743200.00 ns, 2.6161 ns/op
OverheadActual  15: 1048576 op, 2488300.00 ns, 2.3730 ns/op
OverheadActual  16: 1048576 op, 2430000.00 ns, 2.3174 ns/op
OverheadActual  17: 1048576 op, 2428700.00 ns, 2.3162 ns/op

WorkloadWarmup   1: 1048576 op, 772323300.00 ns, 736.5449 ns/op
WorkloadWarmup   2: 1048576 op, 776765700.00 ns, 740.7815 ns/op
WorkloadWarmup   3: 1048576 op, 771597800.00 ns, 735.8530 ns/op
WorkloadWarmup   4: 1048576 op, 751226800.00 ns, 716.4257 ns/op
WorkloadWarmup   5: 1048576 op, 790074500.00 ns, 753.4738 ns/op
WorkloadWarmup   6: 1048576 op, 829888000.00 ns, 791.4429 ns/op
WorkloadWarmup   7: 1048576 op, 851339800.00 ns, 811.9009 ns/op
WorkloadWarmup   8: 1048576 op, 839092900.00 ns, 800.2213 ns/op

// BeforeActualRun
WorkloadActual   1: 1048576 op, 807554900.00 ns, 770.1444 ns/op
WorkloadActual   2: 1048576 op, 819552000.00 ns, 781.5857 ns/op
WorkloadActual   3: 1048576 op, 782872700.00 ns, 746.6056 ns/op
WorkloadActual   4: 1048576 op, 761762500.00 ns, 726.4733 ns/op
WorkloadActual   5: 1048576 op, 780707300.00 ns, 744.5405 ns/op
WorkloadActual   6: 1048576 op, 797053500.00 ns, 760.1295 ns/op
WorkloadActual   7: 1048576 op, 805764700.00 ns, 768.4371 ns/op
WorkloadActual   8: 1048576 op, 778770800.00 ns, 742.6937 ns/op
WorkloadActual   9: 1048576 op, 774470500.00 ns, 738.5926 ns/op
WorkloadActual  10: 1048576 op, 804782900.00 ns, 767.5008 ns/op
WorkloadActual  11: 1048576 op, 771178600.00 ns, 735.4532 ns/op
WorkloadActual  12: 1048576 op, 828879300.00 ns, 790.4809 ns/op
WorkloadActual  13: 1048576 op, 799501000.00 ns, 762.4636 ns/op
WorkloadActual  14: 1048576 op, 941477300.00 ns, 897.8627 ns/op
WorkloadActual  15: 1048576 op, 827684000.00 ns, 789.3410 ns/op
WorkloadActual  16: 1048576 op, 783499200.00 ns, 747.2031 ns/op
WorkloadActual  17: 1048576 op, 804564100.00 ns, 767.2921 ns/op
WorkloadActual  18: 1048576 op, 782390400.00 ns, 746.1456 ns/op
WorkloadActual  19: 1048576 op, 802847100.00 ns, 765.6547 ns/op
WorkloadActual  20: 1048576 op, 838594100.00 ns, 799.7457 ns/op
WorkloadActual  21: 1048576 op, 794279900.00 ns, 757.4843 ns/op
WorkloadActual  22: 1048576 op, 762276600.00 ns, 726.9636 ns/op
WorkloadActual  23: 1048576 op, 778687900.00 ns, 742.6147 ns/op
WorkloadActual  24: 1048576 op, 779388900.00 ns, 743.2832 ns/op
WorkloadActual  25: 1048576 op, 776575300.00 ns, 740.5999 ns/op
WorkloadActual  26: 1048576 op, 759026900.00 ns, 723.8645 ns/op
WorkloadActual  27: 1048576 op, 766699800.00 ns, 731.1819 ns/op
WorkloadActual  28: 1048576 op, 763586900.00 ns, 728.2132 ns/op

// AfterActualRun
WorkloadResult   1: 1048576 op, 805066600.00 ns, 767.7713 ns/op
WorkloadResult   2: 1048576 op, 817063700.00 ns, 779.2127 ns/op
WorkloadResult   3: 1048576 op, 780384400.00 ns, 744.2326 ns/op
WorkloadResult   4: 1048576 op, 759274200.00 ns, 724.1003 ns/op
WorkloadResult   5: 1048576 op, 778219000.00 ns, 742.1675 ns/op
WorkloadResult   6: 1048576 op, 794565200.00 ns, 757.7564 ns/op
WorkloadResult   7: 1048576 op, 803276400.00 ns, 766.0641 ns/op
WorkloadResult   8: 1048576 op, 776282500.00 ns, 740.3207 ns/op
WorkloadResult   9: 1048576 op, 771982200.00 ns, 736.2196 ns/op
WorkloadResult  10: 1048576 op, 802294600.00 ns, 765.1278 ns/op
WorkloadResult  11: 1048576 op, 768690300.00 ns, 733.0802 ns/op
WorkloadResult  12: 1048576 op, 826391000.00 ns, 788.1079 ns/op
WorkloadResult  13: 1048576 op, 797012700.00 ns, 760.0905 ns/op
WorkloadResult  14: 1048576 op, 825195700.00 ns, 786.9679 ns/op
WorkloadResult  15: 1048576 op, 781010900.00 ns, 744.8300 ns/op
WorkloadResult  16: 1048576 op, 802075800.00 ns, 764.9191 ns/op
WorkloadResult  17: 1048576 op, 779902100.00 ns, 743.7726 ns/op
WorkloadResult  18: 1048576 op, 800358800.00 ns, 763.2816 ns/op
WorkloadResult  19: 1048576 op, 836105800.00 ns, 797.3726 ns/op
WorkloadResult  20: 1048576 op, 791791600.00 ns, 755.1113 ns/op
WorkloadResult  21: 1048576 op, 759788300.00 ns, 724.5906 ns/op
WorkloadResult  22: 1048576 op, 776199600.00 ns, 740.2416 ns/op
WorkloadResult  23: 1048576 op, 776900600.00 ns, 740.9101 ns/op
WorkloadResult  24: 1048576 op, 774087000.00 ns, 738.2269 ns/op
WorkloadResult  25: 1048576 op, 756538600.00 ns, 721.4914 ns/op
WorkloadResult  26: 1048576 op, 764211500.00 ns, 728.8089 ns/op
WorkloadResult  27: 1048576 op, 761098600.00 ns, 725.8402 ns/op
// GC:  66 0 0 553648128 1048576
// Threading:  0 0 1048576

// AfterAll
// Benchmark Process 20952 has exited with code 0.

Mean = 751.134 ns, StdErr = 4.044 ns (0.54%), N = 27, StdDev = 21.013 ns
Min = 721.491 ns, Q1 = 737.223 ns, Median = 744.233 ns, Q3 = 765.023 ns, Max = 797.373 ns
IQR = 27.800 ns, LowerFence = 695.523 ns, UpperFence = 806.724 ns
ConfidenceInterval = [736.145 ns; 766.123 ns] (CI 99.9%), Margin = 14.989 ns (2.00% of Mean)
Skewness = 0.5, Kurtosis = 2.21, MValue = 2

// ** Remained 7 (77.8%) benchmark(s) to run. Estimated finish 2025-11-21 19:47 (0h 3m from now) **
Setup power plan (GUID: 8c5e7fda-e8bf-4a96-9a85-a6e23a8c635c FriendlyName: High performance)
// **************************
// Benchmark: DriverMapBenchmark.Radar_Algorithm: DefaultJob [NumberOfDrivers=100]
// *** Execute ***
// Launch: 1 / 1
// Execute: dotnet UnterDriverBenchmark-DefaultJob-1.dll --anonymousPipes 1352 1388 --benchmarkName "UnterDriverBenchmark.DriverMapBenchmark.Radar_Algorithm(NumberOfDrivers: 100)" --job Default --benchmarkId 2 in E:\zSchork\University\3 Курс\Maxim\Practice_fall2025\UnterDriverBenchmark\bin\Release\net6.0\UnterDriverBenchmark-DefaultJob-1\bin\Release\net6.0
// BeforeAnythingElse

// Benchmark Process Environment Information:
// BenchmarkDotNet v0.15.6
// Runtime=.NET 6.0.36 (6.0.36, 6.0.3624.51421), X64 RyuJIT x86-64-v3
// GC=Concurrent Workstation
// HardwareIntrinsics=AVX2+BMI1+BMI2+F16C+FMA+LZCNT+MOVBE,AVX,SSE3+SSSE3+SSE4.1+SSE4.2+POPCNT,X86Base+SSE+SSE2,AES+PCLMUL VectorSize=256
// Job: DefaultJob

OverheadJitting  1: 1 op, 137600.00 ns, 137.6000 us/op
WorkloadJitting  1: 1 op, 2546900.00 ns, 2.5469 ms/op

OverheadJitting  2: 16 op, 373800.00 ns, 23.3625 us/op
WorkloadJitting  2: 16 op, 7427000.00 ns, 464.1875 us/op

WorkloadPilot    1: 16 op, 6952300.00 ns, 434.5188 us/op
WorkloadPilot    2: 32 op, 14117300.00 ns, 441.1656 us/op
WorkloadPilot    3: 64 op, 27148100.00 ns, 424.1891 us/op
WorkloadPilot    4: 128 op, 54975700.00 ns, 429.4977 us/op
WorkloadPilot    5: 256 op, 108833400.00 ns, 425.1305 us/op
WorkloadPilot    6: 512 op, 216141300.00 ns, 422.1510 us/op
WorkloadPilot    7: 1024 op, 424208500.00 ns, 414.2661 us/op
WorkloadPilot    8: 2048 op, 836458100.00 ns, 408.4268 us/op

OverheadWarmup   1: 2048 op, 9300.00 ns, 4.5410 ns/op
OverheadWarmup   2: 2048 op, 7000.00 ns, 3.4180 ns/op
OverheadWarmup   3: 2048 op, 7700.00 ns, 3.7598 ns/op
OverheadWarmup   4: 2048 op, 7500.00 ns, 3.6621 ns/op
OverheadWarmup   5: 2048 op, 7400.00 ns, 3.6133 ns/op
OverheadWarmup   6: 2048 op, 6800.00 ns, 3.3203 ns/op
OverheadWarmup   7: 2048 op, 7800.00 ns, 3.8086 ns/op
OverheadWarmup   8: 2048 op, 7500.00 ns, 3.6621 ns/op

OverheadActual   1: 2048 op, 10500.00 ns, 5.1270 ns/op
OverheadActual   2: 2048 op, 7400.00 ns, 3.6133 ns/op
OverheadActual   3: 2048 op, 7600.00 ns, 3.7109 ns/op
OverheadActual   4: 2048 op, 7500.00 ns, 3.6621 ns/op
OverheadActual   5: 2048 op, 5100.00 ns, 2.4902 ns/op
OverheadActual   6: 2048 op, 7700.00 ns, 3.7598 ns/op
OverheadActual   7: 2048 op, 7300.00 ns, 3.5645 ns/op
OverheadActual   8: 2048 op, 7400.00 ns, 3.6133 ns/op
OverheadActual   9: 2048 op, 7800.00 ns, 3.8086 ns/op
OverheadActual  10: 2048 op, 7100.00 ns, 3.4668 ns/op
OverheadActual  11: 2048 op, 5100.00 ns, 2.4902 ns/op
OverheadActual  12: 2048 op, 7200.00 ns, 3.5156 ns/op
OverheadActual  13: 2048 op, 7300.00 ns, 3.5645 ns/op
OverheadActual  14: 2048 op, 7200.00 ns, 3.5156 ns/op
OverheadActual  15: 2048 op, 6300.00 ns, 3.0762 ns/op
OverheadActual  16: 2048 op, 7200.00 ns, 3.5156 ns/op
OverheadActual  17: 2048 op, 7200.00 ns, 3.5156 ns/op
OverheadActual  18: 2048 op, 7700.00 ns, 3.7598 ns/op
OverheadActual  19: 2048 op, 7700.00 ns, 3.7598 ns/op
OverheadActual  20: 2048 op, 7500.00 ns, 3.6621 ns/op

WorkloadWarmup   1: 2048 op, 841225200.00 ns, 410.7545 us/op
WorkloadWarmup   2: 2048 op, 839490400.00 ns, 409.9074 us/op
WorkloadWarmup   3: 2048 op, 839442000.00 ns, 409.8838 us/op
WorkloadWarmup   4: 2048 op, 840090000.00 ns, 410.2002 us/op
WorkloadWarmup   5: 2048 op, 847033100.00 ns, 413.5904 us/op
WorkloadWarmup   6: 2048 op, 842307600.00 ns, 411.2830 us/op
WorkloadWarmup   7: 2048 op, 841861000.00 ns, 411.0649 us/op
WorkloadWarmup   8: 2048 op, 842088400.00 ns, 411.1760 us/op
WorkloadWarmup   9: 2048 op, 838406100.00 ns, 409.3780 us/op

// BeforeActualRun
WorkloadActual   1: 2048 op, 847853300.00 ns, 413.9909 us/op
WorkloadActual   2: 2048 op, 842687100.00 ns, 411.4683 us/op
WorkloadActual   3: 2048 op, 842286700.00 ns, 411.2728 us/op
WorkloadActual   4: 2048 op, 842339900.00 ns, 411.2988 us/op
WorkloadActual   5: 2048 op, 837316700.00 ns, 408.8460 us/op
WorkloadActual   6: 2048 op, 847514700.00 ns, 413.8255 us/op
WorkloadActual   7: 2048 op, 838952300.00 ns, 409.6447 us/op
WorkloadActual   8: 2048 op, 840847700.00 ns, 410.5702 us/op
WorkloadActual   9: 2048 op, 839898700.00 ns, 410.1068 us/op
WorkloadActual  10: 2048 op, 841650400.00 ns, 410.9621 us/op
WorkloadActual  11: 2048 op, 836213100.00 ns, 408.3072 us/op
WorkloadActual  12: 2048 op, 840189600.00 ns, 410.2488 us/op
WorkloadActual  13: 2048 op, 844167300.00 ns, 412.1911 us/op
WorkloadActual  14: 2048 op, 843171000.00 ns, 411.7046 us/op
WorkloadActual  15: 2048 op, 841172300.00 ns, 410.7287 us/op

// AfterActualRun
WorkloadResult   1: 2048 op, 842679750.00 ns, 411.4647 us/op
WorkloadResult   2: 2048 op, 842279350.00 ns, 411.2692 us/op
WorkloadResult   3: 2048 op, 842332550.00 ns, 411.2952 us/op
WorkloadResult   4: 2048 op, 837309350.00 ns, 408.8425 us/op
WorkloadResult   5: 2048 op, 838944950.00 ns, 409.6411 us/op
WorkloadResult   6: 2048 op, 840840350.00 ns, 410.5666 us/op
WorkloadResult   7: 2048 op, 839891350.00 ns, 410.1032 us/op
WorkloadResult   8: 2048 op, 841643050.00 ns, 410.9585 us/op
WorkloadResult   9: 2048 op, 836205750.00 ns, 408.3036 us/op
WorkloadResult  10: 2048 op, 840182250.00 ns, 410.2452 us/op
WorkloadResult  11: 2048 op, 844159950.00 ns, 412.1875 us/op
WorkloadResult  12: 2048 op, 843163650.00 ns, 411.7010 us/op
WorkloadResult  13: 2048 op, 841164950.00 ns, 410.7251 us/op
// GC:  0 0 0 851968 2048
// Threading:  0 0 2048

// AfterAll
// Benchmark Process 21340 has exited with code 0.

Mean = 410.562 μs, StdErr = 0.312 μs (0.08%), N = 13, StdDev = 1.125 μs
Min = 408.304 μs, Q1 = 410.103 μs, Median = 410.725 μs, Q3 = 411.295 μs, Max = 412.187 μs
IQR = 1.192 μs, LowerFence = 408.315 μs, UpperFence = 413.083 μs
ConfidenceInterval = [409.214 μs; 411.909 μs] (CI 99.9%), Margin = 1.347 μs (0.33% of Mean)
Skewness = -0.55, Kurtosis = 2.18, MValue = 2

// ** Remained 6 (66.7%) benchmark(s) to run. Estimated finish 2025-11-21 19:47 (0h 2m from now) **
Setup power plan (GUID: 8c5e7fda-e8bf-4a96-9a85-a6e23a8c635c FriendlyName: High performance)
// **************************
// Benchmark: DriverMapBenchmark.BruteForce_Algorithm: DefaultJob [NumberOfDrivers=1000]
// *** Execute ***
// Launch: 1 / 1
// Execute: dotnet UnterDriverBenchmark-DefaultJob-1.dll --anonymousPipes 1244 1200 --benchmarkName "UnterDriverBenchmark.DriverMapBenchmark.BruteForce_Algorithm(NumberOfDrivers: 1000)" --job Default --benchmarkId 3 in E:\zSchork\University\3 Курс\Maxim\Practice_fall2025\UnterDriverBenchmark\bin\Release\net6.0\UnterDriverBenchmark-DefaultJob-1\bin\Release\net6.0
// BeforeAnythingElse

// Benchmark Process Environment Information:
// BenchmarkDotNet v0.15.6
// Runtime=.NET 6.0.36 (6.0.36, 6.0.3624.51421), X64 RyuJIT x86-64-v3
// GC=Concurrent Workstation
// HardwareIntrinsics=AVX2+BMI1+BMI2+F16C+FMA+LZCNT+MOVBE,AVX,SSE3+SSSE3+SSE4.1+SSE4.2+POPCNT,X86Base+SSE+SSE2,AES+PCLMUL VectorSize=256
// Job: DefaultJob

OverheadJitting  1: 1 op, 131100.00 ns, 131.1000 us/op
WorkloadJitting  1: 1 op, 1214400.00 ns, 1.2144 ms/op

OverheadJitting  2: 16 op, 360000.00 ns, 22.5000 us/op
WorkloadJitting  2: 16 op, 5712900.00 ns, 357.0563 us/op

WorkloadPilot    1: 16 op, 5213400.00 ns, 325.8375 us/op
WorkloadPilot    2: 32 op, 10381900.00 ns, 324.4344 us/op
WorkloadPilot    3: 64 op, 20802200.00 ns, 325.0344 us/op
WorkloadPilot    4: 128 op, 41165600.00 ns, 321.6063 us/op
WorkloadPilot    5: 256 op, 67639600.00 ns, 264.2172 us/op
WorkloadPilot    6: 512 op, 57171000.00 ns, 111.6621 us/op
WorkloadPilot    7: 1024 op, 116325100.00 ns, 113.5987 us/op
WorkloadPilot    8: 2048 op, 217852200.00 ns, 106.3731 us/op
WorkloadPilot    9: 4096 op, 429876100.00 ns, 104.9502 us/op
WorkloadPilot   10: 8192 op, 873717900.00 ns, 106.6550 us/op

OverheadWarmup   1: 8192 op, 41600.00 ns, 5.0781 ns/op
OverheadWarmup   2: 8192 op, 22000.00 ns, 2.6855 ns/op
OverheadWarmup   3: 8192 op, 24300.00 ns, 2.9663 ns/op
OverheadWarmup   4: 8192 op, 22900.00 ns, 2.7954 ns/op
OverheadWarmup   5: 8192 op, 23900.00 ns, 2.9175 ns/op
OverheadWarmup   6: 8192 op, 21400.00 ns, 2.6123 ns/op

OverheadActual   1: 8192 op, 30700.00 ns, 3.7476 ns/op
OverheadActual   2: 8192 op, 25500.00 ns, 3.1128 ns/op
OverheadActual   3: 8192 op, 26200.00 ns, 3.1982 ns/op
OverheadActual   4: 8192 op, 25400.00 ns, 3.1006 ns/op
OverheadActual   5: 8192 op, 24100.00 ns, 2.9419 ns/op
OverheadActual   6: 8192 op, 25700.00 ns, 3.1372 ns/op
OverheadActual   7: 8192 op, 32200.00 ns, 3.9307 ns/op
OverheadActual   8: 8192 op, 27200.00 ns, 3.3203 ns/op
OverheadActual   9: 8192 op, 24600.00 ns, 3.0029 ns/op
OverheadActual  10: 8192 op, 25400.00 ns, 3.1006 ns/op
OverheadActual  11: 8192 op, 28000.00 ns, 3.4180 ns/op
OverheadActual  12: 8192 op, 24000.00 ns, 2.9297 ns/op
OverheadActual  13: 8192 op, 21400.00 ns, 2.6123 ns/op
OverheadActual  14: 8192 op, 22100.00 ns, 2.6978 ns/op
OverheadActual  15: 8192 op, 25000.00 ns, 3.0518 ns/op
OverheadActual  16: 8192 op, 28600.00 ns, 3.4912 ns/op
OverheadActual  17: 8192 op, 24800.00 ns, 3.0273 ns/op
OverheadActual  18: 8192 op, 24100.00 ns, 2.9419 ns/op
OverheadActual  19: 8192 op, 21700.00 ns, 2.6489 ns/op
OverheadActual  20: 8192 op, 25700.00 ns, 3.1372 ns/op

WorkloadWarmup   1: 8192 op, 897770200.00 ns, 109.5911 us/op
WorkloadWarmup   2: 8192 op, 915881900.00 ns, 111.8020 us/op
WorkloadWarmup   3: 8192 op, 898722600.00 ns, 109.7073 us/op
WorkloadWarmup   4: 8192 op, 871195300.00 ns, 106.3471 us/op
WorkloadWarmup   5: 8192 op, 882315300.00 ns, 107.7045 us/op
WorkloadWarmup   6: 8192 op, 920634600.00 ns, 112.3822 us/op
WorkloadWarmup   7: 8192 op, 865204500.00 ns, 105.6158 us/op

// BeforeActualRun
WorkloadActual   1: 8192 op, 870692700.00 ns, 106.2857 us/op
WorkloadActual   2: 8192 op, 894023400.00 ns, 109.1337 us/op
WorkloadActual   3: 8192 op, 924849200.00 ns, 112.8966 us/op
WorkloadActual   4: 8192 op, 890409700.00 ns, 108.6926 us/op
WorkloadActual   5: 8192 op, 900540800.00 ns, 109.9293 us/op
WorkloadActual   6: 8192 op, 919469200.00 ns, 112.2399 us/op
WorkloadActual   7: 8192 op, 921655200.00 ns, 112.5067 us/op
WorkloadActual   8: 8192 op, 912478500.00 ns, 111.3865 us/op
WorkloadActual   9: 8192 op, 942239800.00 ns, 115.0195 us/op
WorkloadActual  10: 8192 op, 886860700.00 ns, 108.2594 us/op
WorkloadActual  11: 8192 op, 879944200.00 ns, 107.4151 us/op
WorkloadActual  12: 8192 op, 921029000.00 ns, 112.4303 us/op
WorkloadActual  13: 8192 op, 903691500.00 ns, 110.3139 us/op
WorkloadActual  14: 8192 op, 885426600.00 ns, 108.0843 us/op
WorkloadActual  15: 8192 op, 891319800.00 ns, 108.8037 us/op
WorkloadActual  16: 8192 op, 919138500.00 ns, 112.1995 us/op
WorkloadActual  17: 8192 op, 880639100.00 ns, 107.4999 us/op
WorkloadActual  18: 8192 op, 870833200.00 ns, 106.3029 us/op
WorkloadActual  19: 8192 op, 879413600.00 ns, 107.3503 us/op
WorkloadActual  20: 8192 op, 867934900.00 ns, 105.9491 us/op
WorkloadActual  21: 8192 op, 873154500.00 ns, 106.5862 us/op
WorkloadActual  22: 8192 op, 873250100.00 ns, 106.5979 us/op

// AfterActualRun
WorkloadResult   1: 8192 op, 870667300.00 ns, 106.2826 us/op
WorkloadResult   2: 8192 op, 893998000.00 ns, 109.1306 us/op
WorkloadResult   3: 8192 op, 924823800.00 ns, 112.8935 us/op
WorkloadResult   4: 8192 op, 890384300.00 ns, 108.6895 us/op
WorkloadResult   5: 8192 op, 900515400.00 ns, 109.9262 us/op
WorkloadResult   6: 8192 op, 919443800.00 ns, 112.2368 us/op
WorkloadResult   7: 8192 op, 921629800.00 ns, 112.5036 us/op
WorkloadResult   8: 8192 op, 912453100.00 ns, 111.3834 us/op
WorkloadResult   9: 8192 op, 942214400.00 ns, 115.0164 us/op
WorkloadResult  10: 8192 op, 886835300.00 ns, 108.2563 us/op
WorkloadResult  11: 8192 op, 879918800.00 ns, 107.4120 us/op
WorkloadResult  12: 8192 op, 921003600.00 ns, 112.4272 us/op
WorkloadResult  13: 8192 op, 903666100.00 ns, 110.3108 us/op
WorkloadResult  14: 8192 op, 885401200.00 ns, 108.0812 us/op
WorkloadResult  15: 8192 op, 891294400.00 ns, 108.8006 us/op
WorkloadResult  16: 8192 op, 919113100.00 ns, 112.1964 us/op
WorkloadResult  17: 8192 op, 880613700.00 ns, 107.4968 us/op
WorkloadResult  18: 8192 op, 870807800.00 ns, 106.2998 us/op
WorkloadResult  19: 8192 op, 879388200.00 ns, 107.3472 us/op
WorkloadResult  20: 8192 op, 867909500.00 ns, 105.9460 us/op
WorkloadResult  21: 8192 op, 873129100.00 ns, 106.5831 us/op
WorkloadResult  22: 8192 op, 873224700.00 ns, 106.5948 us/op
// GC:  16 0 0 137953280 8192
// Threading:  0 0 8192

// AfterAll
// Benchmark Process 16360 has exited with code 0.

Mean = 109.355 μs, StdErr = 0.563 μs (0.51%), N = 22, StdDev = 2.639 μs
Min = 105.946 μs, Q1 = 107.363 μs, Median = 108.745 μs, Q3 = 111.993 μs, Max = 115.016 μs
IQR = 4.630 μs, LowerFence = 100.419 μs, UpperFence = 118.938 μs
ConfidenceInterval = [107.206 μs; 111.504 μs] (CI 99.9%), Margin = 2.149 μs (1.96% of Mean)
Skewness = 0.44, Kurtosis = 1.87, MValue = 2.2

// ** Remained 5 (55.6%) benchmark(s) to run. Estimated finish 2025-11-21 19:47 (0h 2m from now) **
Setup power plan (GUID: 8c5e7fda-e8bf-4a96-9a85-a6e23a8c635c FriendlyName: High performance)
// **************************
// Benchmark: DriverMapBenchmark.OneWay_Algorithm: DefaultJob [NumberOfDrivers=1000]
// *** Execute ***
// Launch: 1 / 1
// Execute: dotnet UnterDriverBenchmark-DefaultJob-1.dll --anonymousPipes 1300 1528 --benchmarkName "UnterDriverBenchmark.DriverMapBenchmark.OneWay_Algorithm(NumberOfDrivers: 1000)" --job Default --benchmarkId 4 in E:\zSchork\University\3 Курс\Maxim\Practice_fall2025\UnterDriverBenchmark\bin\Release\net6.0\UnterDriverBenchmark-DefaultJob-1\bin\Release\net6.0
// BeforeAnythingElse

// Benchmark Process Environment Information:
// BenchmarkDotNet v0.15.6
// Runtime=.NET 6.0.36 (6.0.36, 6.0.3624.51421), X64 RyuJIT x86-64-v3
// GC=Concurrent Workstation
// HardwareIntrinsics=AVX2+BMI1+BMI2+F16C+FMA+LZCNT+MOVBE,AVX,SSE3+SSSE3+SSE4.1+SSE4.2+POPCNT,X86Base+SSE+SSE2,AES+PCLMUL VectorSize=256
// Job: DefaultJob

OverheadJitting  1: 1 op, 145400.00 ns, 145.4000 us/op
WorkloadJitting  1: 1 op, 3168900.00 ns, 3.1689 ms/op

OverheadJitting  2: 16 op, 396200.00 ns, 24.7625 us/op
WorkloadJitting  2: 16 op, 437600.00 ns, 27.3500 us/op

WorkloadPilot    1: 16 op, 75100.00 ns, 4.6938 us/op
WorkloadPilot    2: 32 op, 157800.00 ns, 4.9313 us/op
WorkloadPilot    3: 64 op, 303500.00 ns, 4.7422 us/op
WorkloadPilot    4: 128 op, 539900.00 ns, 4.2180 us/op
WorkloadPilot    5: 256 op, 1052700.00 ns, 4.1121 us/op
WorkloadPilot    6: 512 op, 2155100.00 ns, 4.2092 us/op
WorkloadPilot    7: 1024 op, 5336400.00 ns, 5.2113 us/op
WorkloadPilot    8: 2048 op, 8618800.00 ns, 4.2084 us/op
WorkloadPilot    9: 4096 op, 22856300.00 ns, 5.5802 us/op
WorkloadPilot   10: 8192 op, 35605200.00 ns, 4.3463 us/op
WorkloadPilot   11: 16384 op, 70923800.00 ns, 4.3288 us/op
WorkloadPilot   12: 32768 op, 103557800.00 ns, 3.1603 us/op
WorkloadPilot   13: 65536 op, 206049500.00 ns, 3.1441 us/op
WorkloadPilot   14: 131072 op, 405611100.00 ns, 3.0946 us/op
WorkloadPilot   15: 262144 op, 826688400.00 ns, 3.1536 us/op

OverheadWarmup   1: 262144 op, 660200.00 ns, 2.5185 ns/op
OverheadWarmup   2: 262144 op, 674900.00 ns, 2.5745 ns/op
OverheadWarmup   3: 262144 op, 656800.00 ns, 2.5055 ns/op
OverheadWarmup   4: 262144 op, 723700.00 ns, 2.7607 ns/op
OverheadWarmup   5: 262144 op, 681600.00 ns, 2.6001 ns/op

OverheadActual   1: 262144 op, 660800.00 ns, 2.5208 ns/op
OverheadActual   2: 262144 op, 655800.00 ns, 2.5017 ns/op
OverheadActual   3: 262144 op, 970500.00 ns, 3.7022 ns/op
OverheadActual   4: 262144 op, 891500.00 ns, 3.4008 ns/op
OverheadActual   5: 262144 op, 655900.00 ns, 2.5021 ns/op
OverheadActual   6: 262144 op, 695500.00 ns, 2.6531 ns/op
OverheadActual   7: 262144 op, 662100.00 ns, 2.5257 ns/op
OverheadActual   8: 262144 op, 702800.00 ns, 2.6810 ns/op
OverheadActual   9: 262144 op, 675900.00 ns, 2.5784 ns/op
OverheadActual  10: 262144 op, 668200.00 ns, 2.5490 ns/op
OverheadActual  11: 262144 op, 655800.00 ns, 2.5017 ns/op
OverheadActual  12: 262144 op, 664000.00 ns, 2.5330 ns/op
OverheadActual  13: 262144 op, 666300.00 ns, 2.5417 ns/op
OverheadActual  14: 262144 op, 724700.00 ns, 2.7645 ns/op
OverheadActual  15: 262144 op, 988200.00 ns, 3.7697 ns/op

WorkloadWarmup   1: 262144 op, 848980500.00 ns, 3.2386 us/op
WorkloadWarmup   2: 262144 op, 830085000.00 ns, 3.1665 us/op
WorkloadWarmup   3: 262144 op, 821292800.00 ns, 3.1330 us/op
WorkloadWarmup   4: 262144 op, 838382200.00 ns, 3.1982 us/op
WorkloadWarmup   5: 262144 op, 826248000.00 ns, 3.1519 us/op
WorkloadWarmup   6: 262144 op, 835255700.00 ns, 3.1862 us/op
WorkloadWarmup   7: 262144 op, 831291900.00 ns, 3.1711 us/op

// BeforeActualRun
WorkloadActual   1: 262144 op, 841906500.00 ns, 3.2116 us/op
WorkloadActual   2: 262144 op, 831747700.00 ns, 3.1729 us/op
WorkloadActual   3: 262144 op, 829876100.00 ns, 3.1657 us/op
WorkloadActual   4: 262144 op, 834166600.00 ns, 3.1821 us/op
WorkloadActual   5: 262144 op, 862982100.00 ns, 3.2920 us/op
WorkloadActual   6: 262144 op, 819566200.00 ns, 3.1264 us/op
WorkloadActual   7: 262144 op, 833131800.00 ns, 3.1781 us/op
WorkloadActual   8: 262144 op, 829436200.00 ns, 3.1640 us/op
WorkloadActual   9: 262144 op, 821404600.00 ns, 3.1334 us/op
WorkloadActual  10: 262144 op, 820884900.00 ns, 3.1314 us/op
WorkloadActual  11: 262144 op, 820258800.00 ns, 3.1290 us/op
WorkloadActual  12: 262144 op, 832887800.00 ns, 3.1772 us/op
WorkloadActual  13: 262144 op, 816292600.00 ns, 3.1139 us/op
WorkloadActual  14: 262144 op, 820473800.00 ns, 3.1299 us/op
WorkloadActual  15: 262144 op, 827010500.00 ns, 3.1548 us/op

// AfterActualRun
WorkloadResult   1: 262144 op, 841238300.00 ns, 3.2091 us/op
WorkloadResult   2: 262144 op, 831079500.00 ns, 3.1703 us/op
WorkloadResult   3: 262144 op, 829207900.00 ns, 3.1632 us/op
WorkloadResult   4: 262144 op, 833498400.00 ns, 3.1795 us/op
WorkloadResult   5: 262144 op, 818898000.00 ns, 3.1238 us/op
WorkloadResult   6: 262144 op, 832463600.00 ns, 3.1756 us/op
WorkloadResult   7: 262144 op, 828768000.00 ns, 3.1615 us/op
WorkloadResult   8: 262144 op, 820736400.00 ns, 3.1309 us/op
WorkloadResult   9: 262144 op, 820216700.00 ns, 3.1289 us/op
WorkloadResult  10: 262144 op, 819590600.00 ns, 3.1265 us/op
WorkloadResult  11: 262144 op, 832219600.00 ns, 3.1747 us/op
WorkloadResult  12: 262144 op, 815624400.00 ns, 3.1114 us/op
WorkloadResult  13: 262144 op, 819805600.00 ns, 3.1273 us/op
WorkloadResult  14: 262144 op, 826342300.00 ns, 3.1522 us/op
// GC:  16 0 0 138412032 262144
// Threading:  0 0 262144

// AfterAll
// Benchmark Process 13864 has exited with code 0.

Mean = 3.152 μs, StdErr = 0.008 μs (0.24%), N = 14, StdDev = 0.028 μs
Min = 3.111 μs, Q1 = 3.128 μs, Median = 3.157 μs, Q3 = 3.174 μs, Max = 3.209 μs
IQR = 0.046 μs, LowerFence = 3.059 μs, UpperFence = 3.242 μs
ConfidenceInterval = [3.121 μs; 3.184 μs] (CI 99.9%), Margin = 0.032 μs (1.01% of Mean)
Skewness = 0.26, Kurtosis = 1.85, MValue = 2

// ** Remained 4 (44.4%) benchmark(s) to run. Estimated finish 2025-11-21 19:47 (0h 1m from now) **
Setup power plan (GUID: 8c5e7fda-e8bf-4a96-9a85-a6e23a8c635c FriendlyName: High performance)
// **************************
// Benchmark: DriverMapBenchmark.Radar_Algorithm: DefaultJob [NumberOfDrivers=1000]
// *** Execute ***
// Launch: 1 / 1
// Execute: dotnet UnterDriverBenchmark-DefaultJob-1.dll --anonymousPipes 1584 1576 --benchmarkName "UnterDriverBenchmark.DriverMapBenchmark.Radar_Algorithm(NumberOfDrivers: 1000)" --job Default --benchmarkId 5 in E:\zSchork\University\3 Курс\Maxim\Practice_fall2025\UnterDriverBenchmark\bin\Release\net6.0\UnterDriverBenchmark-DefaultJob-1\bin\Release\net6.0
// BeforeAnythingElse

// Benchmark Process Environment Information:
// BenchmarkDotNet v0.15.6
// Runtime=.NET 6.0.36 (6.0.36, 6.0.3624.51421), X64 RyuJIT x86-64-v3
// GC=Concurrent Workstation
// HardwareIntrinsics=AVX2+BMI1+BMI2+F16C+FMA+LZCNT+MOVBE,AVX,SSE3+SSSE3+SSE4.1+SSE4.2+POPCNT,X86Base+SSE+SSE2,AES+PCLMUL VectorSize=256
// Job: DefaultJob

OverheadJitting  1: 1 op, 130200.00 ns, 130.2000 us/op
WorkloadJitting  1: 1 op, 1727300.00 ns, 1.7273 ms/op

OverheadJitting  2: 16 op, 339900.00 ns, 21.2438 us/op
WorkloadJitting  2: 16 op, 1124700.00 ns, 70.2938 us/op

WorkloadPilot    1: 16 op, 787500.00 ns, 49.2188 us/op
WorkloadPilot    2: 32 op, 1524800.00 ns, 47.6500 us/op
WorkloadPilot    3: 64 op, 2971600.00 ns, 46.4313 us/op
WorkloadPilot    4: 128 op, 5839600.00 ns, 45.6219 us/op
WorkloadPilot    5: 256 op, 11978800.00 ns, 46.7922 us/op
WorkloadPilot    6: 512 op, 23816600.00 ns, 46.5168 us/op
WorkloadPilot    7: 1024 op, 47243100.00 ns, 46.1358 us/op
WorkloadPilot    8: 2048 op, 94085900.00 ns, 45.9404 us/op
WorkloadPilot    9: 4096 op, 183742300.00 ns, 44.8590 us/op
WorkloadPilot   10: 8192 op, 369352700.00 ns, 45.0870 us/op
WorkloadPilot   11: 16384 op, 740454600.00 ns, 45.1938 us/op

OverheadWarmup   1: 16384 op, 44800.00 ns, 2.7344 ns/op
OverheadWarmup   2: 16384 op, 59400.00 ns, 3.6255 ns/op
OverheadWarmup   3: 16384 op, 58600.00 ns, 3.5767 ns/op
OverheadWarmup   4: 16384 op, 46600.00 ns, 2.8442 ns/op
OverheadWarmup   5: 16384 op, 47900.00 ns, 2.9236 ns/op
OverheadWarmup   6: 16384 op, 46600.00 ns, 2.8442 ns/op

OverheadActual   1: 16384 op, 44200.00 ns, 2.6978 ns/op
OverheadActual   2: 16384 op, 44500.00 ns, 2.7161 ns/op
OverheadActual   3: 16384 op, 44900.00 ns, 2.7405 ns/op
OverheadActual   4: 16384 op, 60400.00 ns, 3.6865 ns/op
OverheadActual   5: 16384 op, 44300.00 ns, 2.7039 ns/op
OverheadActual   6: 16384 op, 43400.00 ns, 2.6489 ns/op
OverheadActual   7: 16384 op, 63600.00 ns, 3.8818 ns/op
OverheadActual   8: 16384 op, 59500.00 ns, 3.6316 ns/op
OverheadActual   9: 16384 op, 56600.00 ns, 3.4546 ns/op
OverheadActual  10: 16384 op, 48900.00 ns, 2.9846 ns/op
OverheadActual  11: 16384 op, 57700.00 ns, 3.5217 ns/op
OverheadActual  12: 16384 op, 42700.00 ns, 2.6062 ns/op
OverheadActual  13: 16384 op, 43200.00 ns, 2.6367 ns/op
OverheadActual  14: 16384 op, 65200.00 ns, 3.9795 ns/op
OverheadActual  15: 16384 op, 47500.00 ns, 2.8992 ns/op
OverheadActual  16: 16384 op, 48700.00 ns, 2.9724 ns/op
OverheadActual  17: 16384 op, 46800.00 ns, 2.8564 ns/op
OverheadActual  18: 16384 op, 93000.00 ns, 5.6763 ns/op
OverheadActual  19: 16384 op, 64100.00 ns, 3.9124 ns/op
OverheadActual  20: 16384 op, 46600.00 ns, 2.8442 ns/op

WorkloadWarmup   1: 16384 op, 748125200.00 ns, 45.6619 us/op
WorkloadWarmup   2: 16384 op, 732505300.00 ns, 44.7086 us/op
WorkloadWarmup   3: 16384 op, 739315000.00 ns, 45.1242 us/op
WorkloadWarmup   4: 16384 op, 756701900.00 ns, 46.1854 us/op
WorkloadWarmup   5: 16384 op, 758767100.00 ns, 46.3115 us/op
WorkloadWarmup   6: 16384 op, 787936800.00 ns, 48.0918 us/op
WorkloadWarmup   7: 16384 op, 773984900.00 ns, 47.2403 us/op
WorkloadWarmup   8: 16384 op, 792899500.00 ns, 48.3947 us/op
WorkloadWarmup   9: 16384 op, 781962300.00 ns, 47.7272 us/op

// BeforeActualRun
WorkloadActual   1: 16384 op, 773183500.00 ns, 47.1914 us/op
WorkloadActual   2: 16384 op, 767530700.00 ns, 46.8464 us/op
WorkloadActual   3: 16384 op, 834846500.00 ns, 50.9550 us/op
WorkloadActual   4: 16384 op, 803255200.00 ns, 49.0268 us/op
WorkloadActual   5: 16384 op, 798742300.00 ns, 48.7514 us/op
WorkloadActual   6: 16384 op, 793431600.00 ns, 48.4272 us/op
WorkloadActual   7: 16384 op, 777699200.00 ns, 47.4670 us/op
WorkloadActual   8: 16384 op, 743956800.00 ns, 45.4075 us/op
WorkloadActual   9: 16384 op, 795549100.00 ns, 48.5565 us/op
WorkloadActual  10: 16384 op, 756097100.00 ns, 46.1485 us/op
WorkloadActual  11: 16384 op, 755664100.00 ns, 46.1221 us/op
WorkloadActual  12: 16384 op, 760124300.00 ns, 46.3943 us/op
WorkloadActual  13: 16384 op, 761385100.00 ns, 46.4713 us/op
WorkloadActual  14: 16384 op, 840153500.00 ns, 51.2789 us/op
WorkloadActual  15: 16384 op, 797730300.00 ns, 48.6896 us/op
WorkloadActual  16: 16384 op, 774073000.00 ns, 47.2457 us/op
WorkloadActual  17: 16384 op, 732223800.00 ns, 44.6914 us/op
WorkloadActual  18: 16384 op, 713243200.00 ns, 43.5329 us/op
WorkloadActual  19: 16384 op, 721466400.00 ns, 44.0348 us/op
WorkloadActual  20: 16384 op, 732565600.00 ns, 44.7123 us/op
WorkloadActual  21: 16384 op, 710512100.00 ns, 43.3662 us/op
WorkloadActual  22: 16384 op, 703172000.00 ns, 42.9182 us/op
WorkloadActual  23: 16384 op, 705562100.00 ns, 43.0641 us/op
WorkloadActual  24: 16384 op, 703188100.00 ns, 42.9192 us/op
WorkloadActual  25: 16384 op, 709210200.00 ns, 43.2868 us/op
WorkloadActual  26: 16384 op, 700203900.00 ns, 42.7371 us/op
WorkloadActual  27: 16384 op, 706354200.00 ns, 43.1124 us/op
WorkloadActual  28: 16384 op, 704675100.00 ns, 43.0100 us/op
WorkloadActual  29: 16384 op, 702872100.00 ns, 42.8999 us/op
WorkloadActual  30: 16384 op, 707581500.00 ns, 43.1873 us/op
WorkloadActual  31: 16384 op, 708278900.00 ns, 43.2299 us/op
WorkloadActual  32: 16384 op, 703523400.00 ns, 42.9397 us/op
WorkloadActual  33: 16384 op, 704735900.00 ns, 43.0137 us/op
WorkloadActual  34: 16384 op, 702111300.00 ns, 42.8535 us/op
WorkloadActual  35: 16384 op, 703197500.00 ns, 42.9198 us/op
WorkloadActual  36: 16384 op, 702648700.00 ns, 42.8863 us/op
WorkloadActual  37: 16384 op, 703892100.00 ns, 42.9622 us/op
WorkloadActual  38: 16384 op, 703608200.00 ns, 42.9448 us/op
WorkloadActual  39: 16384 op, 699800800.00 ns, 42.7125 us/op
WorkloadActual  40: 16384 op, 705086100.00 ns, 43.0350 us/op
WorkloadActual  41: 16384 op, 700325300.00 ns, 42.7445 us/op
WorkloadActual  42: 16384 op, 709449200.00 ns, 43.3013 us/op
WorkloadActual  43: 16384 op, 701549500.00 ns, 42.8192 us/op
WorkloadActual  44: 16384 op, 699714500.00 ns, 42.7072 us/op
WorkloadActual  45: 16384 op, 699209800.00 ns, 42.6764 us/op
WorkloadActual  46: 16384 op, 700580600.00 ns, 42.7600 us/op
WorkloadActual  47: 16384 op, 749594600.00 ns, 45.7516 us/op
WorkloadActual  48: 16384 op, 707571200.00 ns, 43.1867 us/op
WorkloadActual  49: 16384 op, 704964400.00 ns, 43.0276 us/op
WorkloadActual  50: 16384 op, 696451200.00 ns, 42.5080 us/op
WorkloadActual  51: 16384 op, 705750900.00 ns, 43.0756 us/op
WorkloadActual  52: 16384 op, 706526300.00 ns, 43.1229 us/op
WorkloadActual  53: 16384 op, 702793200.00 ns, 42.8951 us/op
WorkloadActual  54: 16384 op, 702684300.00 ns, 42.8884 us/op
WorkloadActual  55: 16384 op, 697761500.00 ns, 42.5880 us/op
WorkloadActual  56: 16384 op, 712433700.00 ns, 43.4835 us/op
WorkloadActual  57: 16384 op, 704228500.00 ns, 42.9827 us/op
WorkloadActual  58: 16384 op, 707747200.00 ns, 43.1975 us/op
WorkloadActual  59: 16384 op, 706460400.00 ns, 43.1189 us/op
WorkloadActual  60: 16384 op, 706650600.00 ns, 43.1305 us/op
WorkloadActual  61: 16384 op, 701631000.00 ns, 42.8242 us/op

// AfterActualRun
WorkloadResult   1: 16384 op, 773135400.00 ns, 47.1884 us/op
WorkloadResult   2: 16384 op, 767482600.00 ns, 46.8434 us/op
WorkloadResult   3: 16384 op, 803207100.00 ns, 49.0239 us/op
WorkloadResult   4: 16384 op, 798694200.00 ns, 48.7484 us/op
WorkloadResult   5: 16384 op, 793383500.00 ns, 48.4243 us/op
WorkloadResult   6: 16384 op, 777651100.00 ns, 47.4641 us/op
WorkloadResult   7: 16384 op, 743908700.00 ns, 45.4046 us/op
WorkloadResult   8: 16384 op, 795501000.00 ns, 48.5535 us/op
WorkloadResult   9: 16384 op, 756049000.00 ns, 46.1456 us/op
WorkloadResult  10: 16384 op, 755616000.00 ns, 46.1191 us/op
WorkloadResult  11: 16384 op, 760076200.00 ns, 46.3914 us/op
WorkloadResult  12: 16384 op, 761337000.00 ns, 46.4683 us/op
WorkloadResult  13: 16384 op, 797682200.00 ns, 48.6867 us/op
WorkloadResult  14: 16384 op, 774024900.00 ns, 47.2427 us/op
WorkloadResult  15: 16384 op, 732175700.00 ns, 44.6885 us/op
WorkloadResult  16: 16384 op, 713195100.00 ns, 43.5300 us/op
WorkloadResult  17: 16384 op, 721418300.00 ns, 44.0319 us/op
WorkloadResult  18: 16384 op, 732517500.00 ns, 44.7093 us/op
WorkloadResult  19: 16384 op, 710464000.00 ns, 43.3633 us/op
WorkloadResult  20: 16384 op, 703123900.00 ns, 42.9153 us/op
WorkloadResult  21: 16384 op, 705514000.00 ns, 43.0612 us/op
WorkloadResult  22: 16384 op, 703140000.00 ns, 42.9163 us/op
WorkloadResult  23: 16384 op, 709162100.00 ns, 43.2838 us/op
WorkloadResult  24: 16384 op, 700155800.00 ns, 42.7341 us/op
WorkloadResult  25: 16384 op, 706306100.00 ns, 43.1095 us/op
WorkloadResult  26: 16384 op, 704627000.00 ns, 43.0070 us/op
WorkloadResult  27: 16384 op, 702824000.00 ns, 42.8970 us/op
WorkloadResult  28: 16384 op, 707533400.00 ns, 43.1844 us/op
WorkloadResult  29: 16384 op, 708230800.00 ns, 43.2270 us/op
WorkloadResult  30: 16384 op, 703475300.00 ns, 42.9367 us/op
WorkloadResult  31: 16384 op, 704687800.00 ns, 43.0107 us/op
WorkloadResult  32: 16384 op, 702063200.00 ns, 42.8505 us/op
WorkloadResult  33: 16384 op, 703149400.00 ns, 42.9168 us/op
WorkloadResult  34: 16384 op, 702600600.00 ns, 42.8833 us/op
WorkloadResult  35: 16384 op, 703844000.00 ns, 42.9592 us/op
WorkloadResult  36: 16384 op, 703560100.00 ns, 42.9419 us/op
WorkloadResult  37: 16384 op, 699752700.00 ns, 42.7095 us/op
WorkloadResult  38: 16384 op, 705038000.00 ns, 43.0321 us/op
WorkloadResult  39: 16384 op, 700277200.00 ns, 42.7415 us/op
WorkloadResult  40: 16384 op, 709401100.00 ns, 43.2984 us/op
WorkloadResult  41: 16384 op, 701501400.00 ns, 42.8162 us/op
WorkloadResult  42: 16384 op, 699666400.00 ns, 42.7042 us/op
WorkloadResult  43: 16384 op, 699161700.00 ns, 42.6734 us/op
WorkloadResult  44: 16384 op, 700532500.00 ns, 42.7571 us/op
WorkloadResult  45: 16384 op, 749546500.00 ns, 45.7487 us/op
WorkloadResult  46: 16384 op, 707523100.00 ns, 43.1838 us/op
WorkloadResult  47: 16384 op, 704916300.00 ns, 43.0247 us/op
WorkloadResult  48: 16384 op, 696403100.00 ns, 42.5051 us/op
WorkloadResult  49: 16384 op, 705702800.00 ns, 43.0727 us/op
WorkloadResult  50: 16384 op, 706478200.00 ns, 43.1200 us/op
WorkloadResult  51: 16384 op, 702745100.00 ns, 42.8922 us/op
WorkloadResult  52: 16384 op, 702636200.00 ns, 42.8855 us/op
WorkloadResult  53: 16384 op, 697713400.00 ns, 42.5850 us/op
WorkloadResult  54: 16384 op, 712385600.00 ns, 43.4806 us/op
WorkloadResult  55: 16384 op, 704180400.00 ns, 42.9798 us/op
WorkloadResult  56: 16384 op, 707699100.00 ns, 43.1945 us/op
WorkloadResult  57: 16384 op, 706412300.00 ns, 43.1160 us/op
WorkloadResult  58: 16384 op, 706602500.00 ns, 43.1276 us/op
WorkloadResult  59: 16384 op, 701582900.00 ns, 42.8212 us/op
// GC:  0 0 0 6815744 16384
// Threading:  0 0 16384

// AfterAll
// Benchmark Process 19936 has exited with code 0.

Mean = 44.141 μs, StdErr = 0.254 μs (0.58%), N = 59, StdDev = 1.951 μs
Min = 42.505 μs, Q1 = 42.906 μs, Median = 43.116 μs, Q3 = 45.057 μs, Max = 49.024 μs
IQR = 2.151 μs, LowerFence = 39.680 μs, UpperFence = 48.283 μs
ConfidenceInterval = [43.261 μs; 45.022 μs] (CI 99.9%), Margin = 0.880 μs (1.99% of Mean)
Skewness = 1.29, Kurtosis = 3.16, MValue = 2.29

// ** Remained 3 (33.3%) benchmark(s) to run. Estimated finish 2025-11-21 19:48 (0h 1m from now) **
Setup power plan (GUID: 8c5e7fda-e8bf-4a96-9a85-a6e23a8c635c FriendlyName: High performance)
// **************************
// Benchmark: DriverMapBenchmark.BruteForce_Algorithm: DefaultJob [NumberOfDrivers=10000]
// *** Execute ***
// Launch: 1 / 1
// Execute: dotnet UnterDriverBenchmark-DefaultJob-1.dll --anonymousPipes 1664 1660 --benchmarkName "UnterDriverBenchmark.DriverMapBenchmark.BruteForce_Algorithm(NumberOfDrivers: 10000)" --job Default --benchmarkId 6 in E:\zSchork\University\3 Курс\Maxim\Practice_fall2025\UnterDriverBenchmark\bin\Release\net6.0\UnterDriverBenchmark-DefaultJob-1\bin\Release\net6.0
// BeforeAnythingElse

// Benchmark Process Environment Information:
// BenchmarkDotNet v0.15.6
// Runtime=.NET 6.0.36 (6.0.36, 6.0.3624.51421), X64 RyuJIT x86-64-v3
// GC=Concurrent Workstation
// HardwareIntrinsics=AVX2+BMI1+BMI2+F16C+FMA+LZCNT+MOVBE,AVX,SSE3+SSSE3+SSE4.1+SSE4.2+POPCNT,X86Base+SSE+SSE2,AES+PCLMUL VectorSize=256
// Job: DefaultJob

OverheadJitting  1: 1 op, 131000.00 ns, 131.0000 us/op
WorkloadJitting  1: 1 op, 4863100.00 ns, 4.8631 ms/op

OverheadJitting  2: 16 op, 365400.00 ns, 22.8375 us/op
WorkloadJitting  2: 16 op, 63223100.00 ns, 3.9514 ms/op

WorkloadPilot    1: 16 op, 62397400.00 ns, 3.8998 ms/op
WorkloadPilot    2: 32 op, 117855100.00 ns, 3.6830 ms/op
WorkloadPilot    3: 64 op, 92983000.00 ns, 1.4529 ms/op
WorkloadPilot    4: 128 op, 184135800.00 ns, 1.4386 ms/op
WorkloadPilot    5: 256 op, 368622600.00 ns, 1.4399 ms/op
WorkloadPilot    6: 512 op, 733916700.00 ns, 1.4334 ms/op

OverheadWarmup   1: 512 op, 2300.00 ns, 4.4922 ns/op
OverheadWarmup   2: 512 op, 1400.00 ns, 2.7344 ns/op
OverheadWarmup   3: 512 op, 1600.00 ns, 3.1250 ns/op
OverheadWarmup   4: 512 op, 1700.00 ns, 3.3203 ns/op
OverheadWarmup   5: 512 op, 1600.00 ns, 3.1250 ns/op
OverheadWarmup   6: 512 op, 1700.00 ns, 3.3203 ns/op
OverheadWarmup   7: 512 op, 1700.00 ns, 3.3203 ns/op

OverheadActual   1: 512 op, 1800.00 ns, 3.5156 ns/op
OverheadActual   2: 512 op, 1900.00 ns, 3.7109 ns/op
OverheadActual   3: 512 op, 1800.00 ns, 3.5156 ns/op
OverheadActual   4: 512 op, 1600.00 ns, 3.1250 ns/op
OverheadActual   5: 512 op, 1800.00 ns, 3.5156 ns/op
OverheadActual   6: 512 op, 1600.00 ns, 3.1250 ns/op
OverheadActual   7: 512 op, 1600.00 ns, 3.1250 ns/op
OverheadActual   8: 512 op, 1600.00 ns, 3.1250 ns/op
OverheadActual   9: 512 op, 1600.00 ns, 3.1250 ns/op
OverheadActual  10: 512 op, 1600.00 ns, 3.1250 ns/op
OverheadActual  11: 512 op, 1500.00 ns, 2.9297 ns/op
OverheadActual  12: 512 op, 1500.00 ns, 2.9297 ns/op
OverheadActual  13: 512 op, 1800.00 ns, 3.5156 ns/op
OverheadActual  14: 512 op, 1600.00 ns, 3.1250 ns/op
OverheadActual  15: 512 op, 1500.00 ns, 2.9297 ns/op
OverheadActual  16: 512 op, 1600.00 ns, 3.1250 ns/op
OverheadActual  17: 512 op, 1600.00 ns, 3.1250 ns/op
OverheadActual  18: 512 op, 1800.00 ns, 3.5156 ns/op
OverheadActual  19: 512 op, 1600.00 ns, 3.1250 ns/op
OverheadActual  20: 512 op, 1500.00 ns, 2.9297 ns/op

WorkloadWarmup   1: 512 op, 733240600.00 ns, 1.4321 ms/op
WorkloadWarmup   2: 512 op, 730898400.00 ns, 1.4275 ms/op
WorkloadWarmup   3: 512 op, 731504000.00 ns, 1.4287 ms/op
WorkloadWarmup   4: 512 op, 730624000.00 ns, 1.4270 ms/op
WorkloadWarmup   5: 512 op, 731676100.00 ns, 1.4291 ms/op
WorkloadWarmup   6: 512 op, 730026600.00 ns, 1.4258 ms/op

// BeforeActualRun
WorkloadActual   1: 512 op, 732765600.00 ns, 1.4312 ms/op
WorkloadActual   2: 512 op, 733530300.00 ns, 1.4327 ms/op
WorkloadActual   3: 512 op, 725674600.00 ns, 1.4173 ms/op
WorkloadActual   4: 512 op, 727908300.00 ns, 1.4217 ms/op
WorkloadActual   5: 512 op, 727686800.00 ns, 1.4213 ms/op
WorkloadActual   6: 512 op, 727989200.00 ns, 1.4219 ms/op
WorkloadActual   7: 512 op, 729803600.00 ns, 1.4254 ms/op
WorkloadActual   8: 512 op, 728277700.00 ns, 1.4224 ms/op
WorkloadActual   9: 512 op, 726143400.00 ns, 1.4182 ms/op
WorkloadActual  10: 512 op, 730959800.00 ns, 1.4277 ms/op
WorkloadActual  11: 512 op, 728292700.00 ns, 1.4224 ms/op
WorkloadActual  12: 512 op, 728069300.00 ns, 1.4220 ms/op
WorkloadActual  13: 512 op, 731983100.00 ns, 1.4297 ms/op
WorkloadActual  14: 512 op, 729480100.00 ns, 1.4248 ms/op
WorkloadActual  15: 512 op, 729999300.00 ns, 1.4258 ms/op

// AfterActualRun
WorkloadResult   1: 512 op, 732764000.00 ns, 1.4312 ms/op
WorkloadResult   2: 512 op, 733528700.00 ns, 1.4327 ms/op
WorkloadResult   3: 512 op, 725673000.00 ns, 1.4173 ms/op
WorkloadResult   4: 512 op, 727906700.00 ns, 1.4217 ms/op
WorkloadResult   5: 512 op, 727685200.00 ns, 1.4213 ms/op
WorkloadResult   6: 512 op, 727987600.00 ns, 1.4219 ms/op
WorkloadResult   7: 512 op, 729802000.00 ns, 1.4254 ms/op
WorkloadResult   8: 512 op, 728276100.00 ns, 1.4224 ms/op
WorkloadResult   9: 512 op, 726141800.00 ns, 1.4182 ms/op
WorkloadResult  10: 512 op, 730958200.00 ns, 1.4277 ms/op
WorkloadResult  11: 512 op, 728291100.00 ns, 1.4224 ms/op
WorkloadResult  12: 512 op, 728067700.00 ns, 1.4220 ms/op
WorkloadResult  13: 512 op, 731981500.00 ns, 1.4297 ms/op
WorkloadResult  14: 512 op, 729478500.00 ns, 1.4248 ms/op
WorkloadResult  15: 512 op, 729997700.00 ns, 1.4258 ms/op
// GC:  21 21 21 134507408 512
// Threading:  0 0 512

// AfterAll
// Benchmark Process 19932 has exited with code 0.

Mean = 1.424 ms, StdErr = 0.001 ms (0.08%), N = 15, StdDev = 0.004 ms
Min = 1.417 ms, Q1 = 1.422 ms, Median = 1.422 ms, Q3 = 1.427 ms, Max = 1.433 ms
IQR = 0.005 ms, LowerFence = 1.414 ms, UpperFence = 1.434 ms
ConfidenceInterval = [1.420 ms; 1.429 ms] (CI 99.9%), Margin = 0.005 ms (0.34% of Mean)
Skewness = 0.35, Kurtosis = 2, MValue = 2

// ** Remained 2 (22.2%) benchmark(s) to run. Estimated finish 2025-11-21 19:47 (0h 0m from now) **
Setup power plan (GUID: 8c5e7fda-e8bf-4a96-9a85-a6e23a8c635c FriendlyName: High performance)
// **************************
// Benchmark: DriverMapBenchmark.OneWay_Algorithm: DefaultJob [NumberOfDrivers=10000]
// *** Execute ***
// Launch: 1 / 1
// Execute: dotnet UnterDriverBenchmark-DefaultJob-1.dll --anonymousPipes 1736 1732 --benchmarkName "UnterDriverBenchmark.DriverMapBenchmark.OneWay_Algorithm(NumberOfDrivers: 10000)" --job Default --benchmarkId 7 in E:\zSchork\University\3 Курс\Maxim\Practice_fall2025\UnterDriverBenchmark\bin\Release\net6.0\UnterDriverBenchmark-DefaultJob-1\bin\Release\net6.0
// BeforeAnythingElse

// Benchmark Process Environment Information:
// BenchmarkDotNet v0.15.6
// Runtime=.NET 6.0.36 (6.0.36, 6.0.3624.51421), X64 RyuJIT x86-64-v3
// GC=Concurrent Workstation
// HardwareIntrinsics=AVX2+BMI1+BMI2+F16C+FMA+LZCNT+MOVBE,AVX,SSE3+SSSE3+SSE4.1+SSE4.2+POPCNT,X86Base+SSE+SSE2,AES+PCLMUL VectorSize=256
// Job: DefaultJob

OverheadJitting  1: 1 op, 130800.00 ns, 130.8000 us/op
WorkloadJitting  1: 1 op, 2850300.00 ns, 2.8503 ms/op

OverheadJitting  2: 16 op, 345300.00 ns, 21.5813 us/op
WorkloadJitting  2: 16 op, 884600.00 ns, 55.2875 us/op

WorkloadPilot    1: 16 op, 483800.00 ns, 30.2375 us/op
WorkloadPilot    2: 32 op, 954700.00 ns, 29.8344 us/op
WorkloadPilot    3: 64 op, 2052100.00 ns, 32.0641 us/op
WorkloadPilot    4: 128 op, 3928700.00 ns, 30.6930 us/op
WorkloadPilot    5: 256 op, 7649400.00 ns, 29.8805 us/op
WorkloadPilot    6: 512 op, 15219100.00 ns, 29.7248 us/op
WorkloadPilot    7: 1024 op, 31056200.00 ns, 30.3283 us/op
WorkloadPilot    8: 2048 op, 61161000.00 ns, 29.8638 us/op
WorkloadPilot    9: 4096 op, 98876900.00 ns, 24.1399 us/op
WorkloadPilot   10: 8192 op, 195172400.00 ns, 23.8248 us/op
WorkloadPilot   11: 16384 op, 394943500.00 ns, 24.1054 us/op
WorkloadPilot   12: 32768 op, 777149500.00 ns, 23.7167 us/op

OverheadWarmup   1: 32768 op, 85100.00 ns, 2.5970 ns/op
OverheadWarmup   2: 32768 op, 85200.00 ns, 2.6001 ns/op
OverheadWarmup   3: 32768 op, 84700.00 ns, 2.5848 ns/op
OverheadWarmup   4: 32768 op, 89400.00 ns, 2.7283 ns/op
OverheadWarmup   5: 32768 op, 86300.00 ns, 2.6337 ns/op

OverheadActual   1: 32768 op, 85100.00 ns, 2.5970 ns/op
OverheadActual   2: 32768 op, 86600.00 ns, 2.6428 ns/op
OverheadActual   3: 32768 op, 86900.00 ns, 2.6520 ns/op
OverheadActual   4: 32768 op, 88200.00 ns, 2.6917 ns/op
OverheadActual   5: 32768 op, 87800.00 ns, 2.6794 ns/op
OverheadActual   6: 32768 op, 87200.00 ns, 2.6611 ns/op
OverheadActual   7: 32768 op, 86700.00 ns, 2.6459 ns/op
OverheadActual   8: 32768 op, 87000.00 ns, 2.6550 ns/op
OverheadActual   9: 32768 op, 87500.00 ns, 2.6703 ns/op
OverheadActual  10: 32768 op, 87800.00 ns, 2.6794 ns/op
OverheadActual  11: 32768 op, 86700.00 ns, 2.6459 ns/op
OverheadActual  12: 32768 op, 86900.00 ns, 2.6520 ns/op
OverheadActual  13: 32768 op, 86700.00 ns, 2.6459 ns/op
OverheadActual  14: 32768 op, 87000.00 ns, 2.6550 ns/op
OverheadActual  15: 32768 op, 86700.00 ns, 2.6459 ns/op

WorkloadWarmup   1: 32768 op, 777564000.00 ns, 23.7294 us/op
WorkloadWarmup   2: 32768 op, 775982900.00 ns, 23.6811 us/op
WorkloadWarmup   3: 32768 op, 775557800.00 ns, 23.6681 us/op
WorkloadWarmup   4: 32768 op, 780645600.00 ns, 23.8234 us/op
WorkloadWarmup   5: 32768 op, 773263900.00 ns, 23.5981 us/op
WorkloadWarmup   6: 32768 op, 773711400.00 ns, 23.6118 us/op
WorkloadWarmup   7: 32768 op, 778721500.00 ns, 23.7647 us/op
WorkloadWarmup   8: 32768 op, 772911200.00 ns, 23.5874 us/op

// BeforeActualRun
WorkloadActual   1: 32768 op, 778108400.00 ns, 23.7460 us/op
WorkloadActual   2: 32768 op, 775706200.00 ns, 23.6727 us/op
WorkloadActual   3: 32768 op, 778370800.00 ns, 23.7540 us/op
WorkloadActual   4: 32768 op, 778953900.00 ns, 23.7718 us/op
WorkloadActual   5: 32768 op, 774876500.00 ns, 23.6474 us/op
WorkloadActual   6: 32768 op, 773407700.00 ns, 23.6025 us/op
WorkloadActual   7: 32768 op, 785270900.00 ns, 23.9646 us/op
WorkloadActual   8: 32768 op, 774814900.00 ns, 23.6455 us/op
WorkloadActual   9: 32768 op, 777376500.00 ns, 23.7236 us/op
WorkloadActual  10: 32768 op, 773983100.00 ns, 23.6201 us/op
WorkloadActual  11: 32768 op, 773956300.00 ns, 23.6193 us/op
WorkloadActual  12: 32768 op, 776263300.00 ns, 23.6897 us/op
WorkloadActual  13: 32768 op, 772491200.00 ns, 23.5746 us/op
WorkloadActual  14: 32768 op, 775132700.00 ns, 23.6552 us/op
WorkloadActual  15: 32768 op, 774979500.00 ns, 23.6505 us/op

// AfterActualRun
WorkloadResult   1: 32768 op, 778021500.00 ns, 23.7433 us/op
WorkloadResult   2: 32768 op, 775619300.00 ns, 23.6700 us/op
WorkloadResult   3: 32768 op, 778283900.00 ns, 23.7513 us/op
WorkloadResult   4: 32768 op, 778867000.00 ns, 23.7691 us/op
WorkloadResult   5: 32768 op, 774789600.00 ns, 23.6447 us/op
WorkloadResult   6: 32768 op, 773320800.00 ns, 23.5999 us/op
WorkloadResult   7: 32768 op, 774728000.00 ns, 23.6428 us/op
WorkloadResult   8: 32768 op, 777289600.00 ns, 23.7210 us/op
WorkloadResult   9: 32768 op, 773896200.00 ns, 23.6174 us/op
WorkloadResult  10: 32768 op, 773869400.00 ns, 23.6166 us/op
WorkloadResult  11: 32768 op, 776176400.00 ns, 23.6870 us/op
WorkloadResult  12: 32768 op, 772404300.00 ns, 23.5719 us/op
WorkloadResult  13: 32768 op, 775045800.00 ns, 23.6525 us/op
WorkloadResult  14: 32768 op, 774892600.00 ns, 23.6478 us/op
// GC:  2 0 0 17301504 32768
// Threading:  0 0 32768

// AfterAll
// Benchmark Process 19984 has exited with code 0.

Mean = 23.667 μs, StdErr = 0.016 μs (0.07%), N = 14, StdDev = 0.060 μs
Min = 23.572 μs, Q1 = 23.624 μs, Median = 23.650 μs, Q3 = 23.713 μs, Max = 23.769 μs
IQR = 0.089 μs, LowerFence = 23.491 μs, UpperFence = 23.846 μs
ConfidenceInterval = [23.599 μs; 23.735 μs] (CI 99.9%), Margin = 0.068 μs (0.29% of Mean)
Skewness = 0.28, Kurtosis = 1.74, MValue = 2

// ** Remained 1 (11.1%) benchmark(s) to run. Estimated finish 2025-11-21 19:47 (0h 0m from now) **
Setup power plan (GUID: 8c5e7fda-e8bf-4a96-9a85-a6e23a8c635c FriendlyName: High performance)
// **************************
// Benchmark: DriverMapBenchmark.Radar_Algorithm: DefaultJob [NumberOfDrivers=10000]
// *** Execute ***
// Launch: 1 / 1
// Execute: dotnet UnterDriverBenchmark-DefaultJob-1.dll --anonymousPipes 1776 1772 --benchmarkName "UnterDriverBenchmark.DriverMapBenchmark.Radar_Algorithm(NumberOfDrivers: 10000)" --job Default --benchmarkId 8 in E:\zSchork\University\3 Курс\Maxim\Practice_fall2025\UnterDriverBenchmark\bin\Release\net6.0\UnterDriverBenchmark-DefaultJob-1\bin\Release\net6.0
// BeforeAnythingElse

// Benchmark Process Environment Information:
// BenchmarkDotNet v0.15.6
// Runtime=.NET 6.0.36 (6.0.36, 6.0.3624.51421), X64 RyuJIT x86-64-v3
// GC=Concurrent Workstation
// HardwareIntrinsics=AVX2+BMI1+BMI2+F16C+FMA+LZCNT+MOVBE,AVX,SSE3+SSSE3+SSE4.1+SSE4.2+POPCNT,X86Base+SSE+SSE2,AES+PCLMUL VectorSize=256
// Job: DefaultJob

OverheadJitting  1: 1 op, 129900.00 ns, 129.9000 us/op
WorkloadJitting  1: 1 op, 1512900.00 ns, 1.5129 ms/op

OverheadJitting  2: 16 op, 342500.00 ns, 21.4063 us/op
WorkloadJitting  2: 16 op, 514000.00 ns, 32.1250 us/op

WorkloadPilot    1: 16 op, 103500.00 ns, 6.4688 us/op
WorkloadPilot    2: 32 op, 185100.00 ns, 5.7844 us/op
WorkloadPilot    3: 64 op, 367300.00 ns, 5.7391 us/op
WorkloadPilot    4: 128 op, 724100.00 ns, 5.6570 us/op
WorkloadPilot    5: 256 op, 1448800.00 ns, 5.6594 us/op
WorkloadPilot    6: 512 op, 2858200.00 ns, 5.5824 us/op
WorkloadPilot    7: 1024 op, 5695500.00 ns, 5.5620 us/op
WorkloadPilot    8: 2048 op, 11006900.00 ns, 5.3745 us/op
WorkloadPilot    9: 4096 op, 21895500.00 ns, 5.3456 us/op
WorkloadPilot   10: 8192 op, 43859600.00 ns, 5.3540 us/op
WorkloadPilot   11: 16384 op, 82437500.00 ns, 5.0316 us/op
WorkloadPilot   12: 32768 op, 156454800.00 ns, 4.7746 us/op
WorkloadPilot   13: 65536 op, 311912600.00 ns, 4.7594 us/op
WorkloadPilot   14: 131072 op, 623836000.00 ns, 4.7595 us/op

OverheadWarmup   1: 131072 op, 320400.00 ns, 2.4445 ns/op
OverheadWarmup   2: 131072 op, 336500.00 ns, 2.5673 ns/op
OverheadWarmup   3: 131072 op, 339700.00 ns, 2.5917 ns/op
OverheadWarmup   4: 131072 op, 343400.00 ns, 2.6199 ns/op
OverheadWarmup   5: 131072 op, 332400.00 ns, 2.5360 ns/op
OverheadWarmup   6: 131072 op, 347600.00 ns, 2.6520 ns/op
OverheadWarmup   7: 131072 op, 342200.00 ns, 2.6108 ns/op

OverheadActual   1: 131072 op, 346600.00 ns, 2.6443 ns/op
OverheadActual   2: 131072 op, 348100.00 ns, 2.6558 ns/op
OverheadActual   3: 131072 op, 348000.00 ns, 2.6550 ns/op
OverheadActual   4: 131072 op, 348000.00 ns, 2.6550 ns/op
OverheadActual   5: 131072 op, 349300.00 ns, 2.6649 ns/op
OverheadActual   6: 131072 op, 353000.00 ns, 2.6932 ns/op
OverheadActual   7: 131072 op, 355400.00 ns, 2.7115 ns/op
OverheadActual   8: 131072 op, 351900.00 ns, 2.6848 ns/op
OverheadActual   9: 131072 op, 353600.00 ns, 2.6978 ns/op
OverheadActual  10: 131072 op, 355100.00 ns, 2.7092 ns/op
OverheadActual  11: 131072 op, 350000.00 ns, 2.6703 ns/op
OverheadActual  12: 131072 op, 355300.00 ns, 2.7107 ns/op
OverheadActual  13: 131072 op, 353700.00 ns, 2.6985 ns/op
OverheadActual  14: 131072 op, 351700.00 ns, 2.6833 ns/op
OverheadActual  15: 131072 op, 353600.00 ns, 2.6978 ns/op

WorkloadWarmup   1: 131072 op, 628287900.00 ns, 4.7935 us/op
WorkloadWarmup   2: 131072 op, 625004200.00 ns, 4.7684 us/op
WorkloadWarmup   3: 131072 op, 622701900.00 ns, 4.7508 us/op
WorkloadWarmup   4: 131072 op, 623543500.00 ns, 4.7573 us/op
WorkloadWarmup   5: 131072 op, 622924600.00 ns, 4.7525 us/op
WorkloadWarmup   6: 131072 op, 622680800.00 ns, 4.7507 us/op
WorkloadWarmup   7: 131072 op, 622987100.00 ns, 4.7530 us/op
WorkloadWarmup   8: 131072 op, 622914200.00 ns, 4.7525 us/op

// BeforeActualRun
WorkloadActual   1: 131072 op, 622742800.00 ns, 4.7512 us/op
WorkloadActual   2: 131072 op, 623132100.00 ns, 4.7541 us/op
WorkloadActual   3: 131072 op, 626776100.00 ns, 4.7819 us/op
WorkloadActual   4: 131072 op, 623306000.00 ns, 4.7554 us/op
WorkloadActual   5: 131072 op, 623614200.00 ns, 4.7578 us/op
WorkloadActual   6: 131072 op, 624357900.00 ns, 4.7635 us/op
WorkloadActual   7: 131072 op, 622455000.00 ns, 4.7490 us/op
WorkloadActual   8: 131072 op, 622787300.00 ns, 4.7515 us/op
WorkloadActual   9: 131072 op, 623169900.00 ns, 4.7544 us/op
WorkloadActual  10: 131072 op, 622584300.00 ns, 4.7499 us/op
WorkloadActual  11: 131072 op, 622409900.00 ns, 4.7486 us/op
WorkloadActual  12: 131072 op, 623702000.00 ns, 4.7585 us/op
WorkloadActual  13: 131072 op, 623113000.00 ns, 4.7540 us/op
WorkloadActual  14: 131072 op, 622091300.00 ns, 4.7462 us/op
WorkloadActual  15: 131072 op, 623572800.00 ns, 4.7575 us/op

// AfterActualRun
WorkloadResult   1: 131072 op, 622390900.00 ns, 4.7485 us/op
WorkloadResult   2: 131072 op, 622780200.00 ns, 4.7514 us/op
WorkloadResult   3: 131072 op, 622954100.00 ns, 4.7528 us/op
WorkloadResult   4: 131072 op, 623262300.00 ns, 4.7551 us/op
WorkloadResult   5: 131072 op, 624006000.00 ns, 4.7608 us/op
WorkloadResult   6: 131072 op, 622103100.00 ns, 4.7463 us/op
WorkloadResult   7: 131072 op, 622435400.00 ns, 4.7488 us/op
WorkloadResult   8: 131072 op, 622818000.00 ns, 4.7517 us/op
WorkloadResult   9: 131072 op, 622232400.00 ns, 4.7473 us/op
WorkloadResult  10: 131072 op, 622058000.00 ns, 4.7459 us/op
WorkloadResult  11: 131072 op, 623350100.00 ns, 4.7558 us/op
WorkloadResult  12: 131072 op, 622761100.00 ns, 4.7513 us/op
WorkloadResult  13: 131072 op, 621739400.00 ns, 4.7435 us/op
WorkloadResult  14: 131072 op, 623220900.00 ns, 4.7548 us/op
// GC:  6 0 0 54525952 131072
// Threading:  0 0 131072

// AfterAll
// Benchmark Process 16472 has exited with code 0.

Mean = 4.751 μs, StdErr = 0.001 μs (0.03%), N = 14, StdDev = 0.005 μs
Min = 4.743 μs, Q1 = 4.748 μs, Median = 4.751 μs, Q3 = 4.754 μs, Max = 4.761 μs
IQR = 0.007 μs, LowerFence = 4.737 μs, UpperFence = 4.764 μs
ConfidenceInterval = [4.746 μs; 4.756 μs] (CI 99.9%), Margin = 0.005 μs (0.11% of Mean)
Skewness = 0.31, Kurtosis = 2.22, MValue = 2

// ** Remained 0 (0.0%) benchmark(s) to run. Estimated finish 2025-11-21 19:47 (0h 0m from now) **
Successfully reverted power plan (GUID: 381b4222-f694-41f0-9685-ff5bb260df2e FriendlyName: Balanced)
// ***** BenchmarkRunner: Finish  *****

// * Export *
  BenchmarkDotNet.Artifacts\results\UnterDriverBenchmark.DriverMapBenchmark-report.csv
  BenchmarkDotNet.Artifacts\results\UnterDriverBenchmark.DriverMapBenchmark-report-github.md
  BenchmarkDotNet.Artifacts\results\UnterDriverBenchmark.DriverMapBenchmark-report.html

// * Detailed results *
DriverMapBenchmark.OneWay_Algorithm: DefaultJob [NumberOfDrivers=100]
Runtime = .NET 6.0.36 (6.0.36, 6.0.3624.51421), X64 RyuJIT x86-64-v3; GC = Concurrent Workstation
Mean = 751.134 ns, StdErr = 4.044 ns (0.54%), N = 27, StdDev = 21.013 ns
Min = 721.491 ns, Q1 = 737.223 ns, Median = 744.233 ns, Q3 = 765.023 ns, Max = 797.373 ns
IQR = 27.800 ns, LowerFence = 695.523 ns, UpperFence = 806.724 ns
ConfidenceInterval = [736.145 ns; 766.123 ns] (CI 99.9%), Margin = 14.989 ns (2.00% of Mean)
Skewness = 0.5, Kurtosis = 2.21, MValue = 2
-------------------- Histogram --------------------
[712.298 ns ; 727.626 ns) | @@@@
[727.626 ns ; 746.013 ns) | @@@@@@@@@@@
[746.013 ns ; 770.634 ns) | @@@@@@@@
[770.634 ns ; 797.486 ns) | @@@@
---------------------------------------------------

DriverMapBenchmark.BruteForce_Algorithm: DefaultJob [NumberOfDrivers=100]
Runtime = .NET 6.0.36 (6.0.36, 6.0.3624.51421), X64 RyuJIT x86-64-v3; GC = Concurrent Workstation
Mean = 6.242 μs, StdErr = 0.026 μs (0.42%), N = 16, StdDev = 0.105 μs
Min = 6.036 μs, Q1 = 6.183 μs, Median = 6.264 μs, Q3 = 6.314 μs, Max = 6.424 μs
IQR = 0.131 μs, LowerFence = 5.986 μs, UpperFence = 6.511 μs
ConfidenceInterval = [6.135 μs; 6.349 μs] (CI 99.9%), Margin = 0.107 μs (1.71% of Mean)
Skewness = -0.35, Kurtosis = 2.17, MValue = 2
-------------------- Histogram --------------------
[5.981 μs ; 6.112 μs) | @@
[6.112 μs ; 6.239 μs) | @@@@@
[6.239 μs ; 6.479 μs) | @@@@@@@@@
---------------------------------------------------

DriverMapBenchmark.Radar_Algorithm: DefaultJob [NumberOfDrivers=100]
Runtime = .NET 6.0.36 (6.0.36, 6.0.3624.51421), X64 RyuJIT x86-64-v3; GC = Concurrent Workstation
Mean = 410.562 μs, StdErr = 0.312 μs (0.08%), N = 13, StdDev = 1.125 μs
Min = 408.304 μs, Q1 = 410.103 μs, Median = 410.725 μs, Q3 = 411.295 μs, Max = 412.187 μs
IQR = 1.192 μs, LowerFence = 408.315 μs, UpperFence = 413.083 μs
ConfidenceInterval = [409.214 μs; 411.909 μs] (CI 99.9%), Margin = 1.347 μs (0.33% of Mean)
Skewness = -0.55, Kurtosis = 2.18, MValue = 2
-------------------- Histogram --------------------
[407.676 μs ; 412.816 μs) | @@@@@@@@@@@@@
---------------------------------------------------

DriverMapBenchmark.OneWay_Algorithm: DefaultJob [NumberOfDrivers=1000]
Runtime = .NET 6.0.36 (6.0.36, 6.0.3624.51421), X64 RyuJIT x86-64-v3; GC = Concurrent Workstation
Mean = 3.152 μs, StdErr = 0.008 μs (0.24%), N = 14, StdDev = 0.028 μs
Min = 3.111 μs, Q1 = 3.128 μs, Median = 3.157 μs, Q3 = 3.174 μs, Max = 3.209 μs
IQR = 0.046 μs, LowerFence = 3.059 μs, UpperFence = 3.242 μs
ConfidenceInterval = [3.121 μs; 3.184 μs] (CI 99.9%), Margin = 0.032 μs (1.01% of Mean)
Skewness = 0.26, Kurtosis = 1.85, MValue = 2
-------------------- Histogram --------------------
[3.096 μs ; 3.224 μs) | @@@@@@@@@@@@@@
---------------------------------------------------

DriverMapBenchmark.Radar_Algorithm: DefaultJob [NumberOfDrivers=1000]
Runtime = .NET 6.0.36 (6.0.36, 6.0.3624.51421), X64 RyuJIT x86-64-v3; GC = Concurrent Workstation
Mean = 44.141 μs, StdErr = 0.254 μs (0.58%), N = 59, StdDev = 1.951 μs
Min = 42.505 μs, Q1 = 42.906 μs, Median = 43.116 μs, Q3 = 45.057 μs, Max = 49.024 μs
IQR = 2.151 μs, LowerFence = 39.680 μs, UpperFence = 48.283 μs
ConfidenceInterval = [43.261 μs; 45.022 μs] (CI 99.9%), Margin = 0.880 μs (1.99% of Mean)
Skewness = 1.29, Kurtosis = 3.16, MValue = 2.29
-------------------- Histogram --------------------
[42.360 μs ; 43.675 μs) | @@@@@@@@@@@@@@@@@@@@@@@@@@@@@@@@@@@@@@@@@
[43.675 μs ; 44.561 μs) | @
[44.561 μs ; 46.023 μs) | @@@@
[46.023 μs ; 47.339 μs) | @@@@@@@
[47.339 μs ; 49.382 μs) | @@@@@@
---------------------------------------------------

DriverMapBenchmark.BruteForce_Algorithm: DefaultJob [NumberOfDrivers=1000]
Runtime = .NET 6.0.36 (6.0.36, 6.0.3624.51421), X64 RyuJIT x86-64-v3; GC = Concurrent Workstation
Mean = 109.355 μs, StdErr = 0.563 μs (0.51%), N = 22, StdDev = 2.639 μs
Min = 105.946 μs, Q1 = 107.363 μs, Median = 108.745 μs, Q3 = 111.993 μs, Max = 115.016 μs
IQR = 4.630 μs, LowerFence = 100.419 μs, UpperFence = 118.938 μs
ConfidenceInterval = [107.206 μs; 111.504 μs] (CI 99.9%), Margin = 2.149 μs (1.96% of Mean)
Skewness = 0.44, Kurtosis = 1.87, MValue = 2.2
-------------------- Histogram --------------------
[105.865 μs ; 108.337 μs) | @@@@@@@@@@
[108.337 μs ; 110.902 μs) | @@@@@
[110.902 μs ; 113.375 μs) | @@@@@@
[113.375 μs ; 116.253 μs) | @
---------------------------------------------------

DriverMapBenchmark.Radar_Algorithm: DefaultJob [NumberOfDrivers=10000]
Runtime = .NET 6.0.36 (6.0.36, 6.0.3624.51421), X64 RyuJIT x86-64-v3; GC = Concurrent Workstation
Mean = 4.751 μs, StdErr = 0.001 μs (0.03%), N = 14, StdDev = 0.005 μs
Min = 4.743 μs, Q1 = 4.748 μs, Median = 4.751 μs, Q3 = 4.754 μs, Max = 4.761 μs
IQR = 0.007 μs, LowerFence = 4.737 μs, UpperFence = 4.764 μs
ConfidenceInterval = [4.746 μs; 4.756 μs] (CI 99.9%), Margin = 0.005 μs (0.11% of Mean)
Skewness = 0.31, Kurtosis = 2.22, MValue = 2
-------------------- Histogram --------------------
[4.741 μs ; 4.763 μs) | @@@@@@@@@@@@@@
---------------------------------------------------

DriverMapBenchmark.OneWay_Algorithm: DefaultJob [NumberOfDrivers=10000]
Runtime = .NET 6.0.36 (6.0.36, 6.0.3624.51421), X64 RyuJIT x86-64-v3; GC = Concurrent Workstation
Mean = 23.667 μs, StdErr = 0.016 μs (0.07%), N = 14, StdDev = 0.060 μs
Min = 23.572 μs, Q1 = 23.624 μs, Median = 23.650 μs, Q3 = 23.713 μs, Max = 23.769 μs
IQR = 0.089 μs, LowerFence = 23.491 μs, UpperFence = 23.846 μs
ConfidenceInterval = [23.599 μs; 23.735 μs] (CI 99.9%), Margin = 0.068 μs (0.29% of Mean)
Skewness = 0.28, Kurtosis = 1.74, MValue = 2
-------------------- Histogram --------------------
[23.539 μs ; 23.802 μs) | @@@@@@@@@@@@@@
---------------------------------------------------

DriverMapBenchmark.BruteForce_Algorithm: DefaultJob [NumberOfDrivers=10000]
Runtime = .NET 6.0.36 (6.0.36, 6.0.3624.51421), X64 RyuJIT x86-64-v3; GC = Concurrent Workstation
Mean = 1.424 ms, StdErr = 0.001 ms (0.08%), N = 15, StdDev = 0.004 ms
Min = 1.417 ms, Q1 = 1.422 ms, Median = 1.422 ms, Q3 = 1.427 ms, Max = 1.433 ms
IQR = 0.005 ms, LowerFence = 1.414 ms, UpperFence = 1.434 ms
ConfidenceInterval = [1.420 ms; 1.429 ms] (CI 99.9%), Margin = 0.005 ms (0.34% of Mean)
Skewness = 0.35, Kurtosis = 2, MValue = 2
-------------------- Histogram --------------------
[1.415 ms ; 1.435 ms) | @@@@@@@@@@@@@@@
---------------------------------------------------

// * Summary *

BenchmarkDotNet v0.15.6, Windows 11 (10.0.26100.7171/24H2/2024Update/HudsonValley)
11th Gen Intel Core i9-11900F 2.50GHz, 1 CPU, 16 logical and 8 physical cores
.NET SDK 8.0.403
  [Host]     : .NET 6.0.36 (6.0.36, 6.0.3624.51421), X64 RyuJIT x86-64-v3
  DefaultJob : .NET 6.0.36 (6.0.36, 6.0.3624.51421), X64 RyuJIT x86-64-v3


| Method               | NumberOfDrivers | Mean           | Error       | StdDev      | Median         | Ratio | RatioSD | Rank | Gen0    | Gen1    | Gen2    | Allocated | Alloc Ratio |
|--------------------- |---------------- |---------------:|------------:|------------:|---------------:|------:|--------:|-----:|--------:|--------:|--------:|----------:|------------:|
| OneWay_Algorithm     | 100             |       751.1 ns |    14.99 ns |    21.01 ns |       744.2 ns |  0.12 |    0.00 |    1 |  0.0629 |       - |       - |     528 B |        0.22 |
| BruteForce_Algorithm | 100             |     6,242.1 ns |   106.90 ns |   104.99 ns |     6,263.8 ns |  1.00 |    0.02 |    2 |  0.2899 |       - |       - |    2432 B |        1.00 |
| Radar_Algorithm      | 100             |   410,561.8 ns | 1,347.44 ns | 1,125.17 ns |   410,725.1 ns | 65.79 |    1.10 |    3 |       - |       - |       - |     416 B |        0.17 |
|                      |                 |                |             |             |                |       |         |      |         |         |         |           |             |
| OneWay_Algorithm     | 1000            |     3,152.5 ns |    31.78 ns |    28.17 ns |     3,156.9 ns |  0.03 |    0.00 |    1 |  0.0610 |       - |       - |     528 B |        0.03 |
| Radar_Algorithm      | 1000            |    44,141.2 ns |   880.43 ns | 1,950.96 ns |    43,116.0 ns |  0.40 |    0.02 |    2 |       - |       - |       - |     416 B |        0.02 |
| BruteForce_Algorithm | 1000            |   109,355.2 ns | 2,148.82 ns | 2,638.95 ns |   108,745.0 ns |  1.00 |    0.03 |    3 |  1.9531 |       - |       - |   16840 B |        1.00 |
|                      |                 |                |             |             |                |       |         |      |         |         |         |           |             |
| Radar_Algorithm      | 10000           |     4,751.0 ns |     5.27 ns |     4.67 ns |     4,751.4 ns | 0.003 |    0.00 |    1 |  0.0458 |       - |       - |     416 B |       0.002 |
| OneWay_Algorithm     | 10000           |    23,666.8 ns |    67.75 ns |    60.06 ns |    23,650.2 ns | 0.017 |    0.00 |    2 |  0.0610 |       - |       - |     528 B |       0.002 |
| BruteForce_Algorithm | 10000           | 1,424,289.0 ns | 4,784.75 ns | 4,475.66 ns | 1,422,443.6 ns | 1.000 |    0.00 |    3 | 41.0156 | 41.0156 | 41.0156 |  262710 B |       1.000 |

// * Hints *
Outliers
  DriverMapBenchmark.OneWay_Algorithm: Default     -> 1 outlier  was  removed (897.86 ns)
  DriverMapBenchmark.BruteForce_Algorithm: Default -> 1 outlier  was  removed (6.55 μs)
  DriverMapBenchmark.Radar_Algorithm: Default      -> 2 outliers were removed (413.83 μs, 413.99 μs)
  DriverMapBenchmark.OneWay_Algorithm: Default     -> 1 outlier  was  removed (3.29 μs)
  DriverMapBenchmark.Radar_Algorithm: Default      -> 2 outliers were removed (50.95 μs, 51.28 μs)
  DriverMapBenchmark.Radar_Algorithm: Default      -> 1 outlier  was  removed (4.78 μs)
  DriverMapBenchmark.OneWay_Algorithm: Default     -> 1 outlier  was  removed (23.96 μs)
// * Config Issues *

// * Warnings *
Configuration
  Summary -> The exporter HtmlExporter is already present in configuration. There may be unexpected results.
  Summary -> The exporter CsvExporter is already present in configuration. There may be unexpected results.

// * Legends *
  NumberOfDrivers : Value of the 'NumberOfDrivers' parameter
  Mean            : Arithmetic mean of all measurements
  Error           : Half of 99.9% confidence interval
  StdDev          : Standard deviation of all measurements
  Median          : Value separating the higher half of all measurements (50th percentile)
  Ratio           : Mean of the ratio distribution ([Current]/[Baseline])
  RatioSD         : Standard deviation of the ratio distribution ([Current]/[Baseline])
  Rank            : Relative position of current benchmark mean among all benchmarks (Arabic style)
  Gen0            : GC Generation 0 collects per 1000 operations
  Gen1            : GC Generation 1 collects per 1000 operations
  Gen2            : GC Generation 2 collects per 1000 operations
  Allocated       : Allocated memory per single operation (managed only, inclusive, 1KB = 1024B)
  Alloc Ratio     : Allocated memory ratio distribution ([Current]/[Baseline])
  1 ns            : 1 Nanosecond (0.000000001 sec)

// * Diagnostic Output - MemoryDiagnoser *


// ***** BenchmarkRunner: End *****
Run time: 00:04:01 (241.3 sec), executed benchmarks: 9

Global total time: 00:04:12 (252.42 sec), executed benchmarks: 9
// * Artifacts cleanup *
Artifacts cleanup is finished
